Archive member included to satisfy reference by file (symbol)

/usr/lib/gcc/arm-none-eabi/9.2.1/thumb/v7-m/nofp/libgcc.a(_aeabi_uldivmod.o)
                              obj_zoul/cc2538-rf.o (__aeabi_uldivmod)
/usr/lib/gcc/arm-none-eabi/9.2.1/thumb/v7-m/nofp/libgcc.a(_udivmoddi4.o)
                              /usr/lib/gcc/arm-none-eabi/9.2.1/thumb/v7-m/nofp/libgcc.a(_aeabi_uldivmod.o) (__udivmoddi4)
/usr/lib/gcc/arm-none-eabi/9.2.1/thumb/v7-m/nofp/libgcc.a(_dvmd_tls.o)
                              /usr/lib/gcc/arm-none-eabi/9.2.1/thumb/v7-m/nofp/libgcc.a(_aeabi_uldivmod.o) (__aeabi_ldiv0)
/usr/lib/gcc/arm-none-eabi/9.2.1/../../../arm-none-eabi/lib/thumb/v7-m/nofp/libc.a(lib_a-ctype_.o)
                              obj_zoul/resolv.o (_ctype_)
/usr/lib/gcc/arm-none-eabi/9.2.1/../../../arm-none-eabi/lib/thumb/v7-m/nofp/libc.a(lib_a-memcmp.o)
                              obj_zoul/slip.o (memcmp)
/usr/lib/gcc/arm-none-eabi/9.2.1/../../../arm-none-eabi/lib/thumb/v7-m/nofp/libc.a(lib_a-memcpy.o)
                              obj_zoul/mqtt.o (memcpy)
/usr/lib/gcc/arm-none-eabi/9.2.1/../../../arm-none-eabi/lib/thumb/v7-m/nofp/libc.a(lib_a-memmove.o)
                              obj_zoul/mmem.o (memmove)
/usr/lib/gcc/arm-none-eabi/9.2.1/../../../arm-none-eabi/lib/thumb/v7-m/nofp/libc.a(lib_a-memset.o)
                              obj_zoul/mqtt.o (memset)
/usr/lib/gcc/arm-none-eabi/9.2.1/../../../arm-none-eabi/lib/thumb/v7-m/nofp/libc.a(lib_a-reent.o)
                              obj_zoul/syscalls.o (errno)
/usr/lib/gcc/arm-none-eabi/9.2.1/../../../arm-none-eabi/lib/thumb/v7-m/nofp/libc.a(lib_a-strcasecmp.o)
                              obj_zoul/resolv.o (strcasecmp)
/usr/lib/gcc/arm-none-eabi/9.2.1/../../../arm-none-eabi/lib/thumb/v7-m/nofp/libc.a(lib_a-strcat.o)
                              obj_zoul/resolv.o (strcat)
/usr/lib/gcc/arm-none-eabi/9.2.1/../../../arm-none-eabi/lib/thumb/v7-m/nofp/libc.a(lib_a-strcmp.o)
                              obj_zoul/cfs-coffee.o (strcmp)
/usr/lib/gcc/arm-none-eabi/9.2.1/../../../arm-none-eabi/lib/thumb/v7-m/nofp/libc.a(lib_a-strcpy.o)
                              /usr/lib/gcc/arm-none-eabi/9.2.1/../../../arm-none-eabi/lib/thumb/v7-m/nofp/libc.a(lib_a-strcat.o) (strcpy)
/usr/lib/gcc/arm-none-eabi/9.2.1/../../../arm-none-eabi/lib/thumb/v7-m/nofp/libc.a(lib_a-strlen-stub.o)
                              obj_zoul/mqtt.o (strlen)
/usr/lib/gcc/arm-none-eabi/9.2.1/../../../arm-none-eabi/lib/thumb/v7-m/nofp/libc.a(lib_a-strncasecmp.o)
                              obj_zoul/resolv.o (strncasecmp)
/usr/lib/gcc/arm-none-eabi/9.2.1/../../../arm-none-eabi/lib/thumb/v7-m/nofp/libc.a(lib_a-strncat.o)
                              obj_zoul/resolv.o (strncat)
/usr/lib/gcc/arm-none-eabi/9.2.1/../../../arm-none-eabi/lib/thumb/v7-m/nofp/libc.a(lib_a-strncmp.o)
                              obj_zoul/sensors.o (strncmp)
/usr/lib/gcc/arm-none-eabi/9.2.1/../../../arm-none-eabi/lib/thumb/v7-m/nofp/libc.a(lib_a-strncpy.o)
                              obj_zoul/cfs-coffee.o (strncpy)
/usr/lib/gcc/arm-none-eabi/9.2.1/../../../arm-none-eabi/lib/thumb/v7-m/nofp/libc.a(lib_a-freer.o)
                              /usr/lib/gcc/arm-none-eabi/9.2.1/../../../arm-none-eabi/lib/thumb/v7-m/nofp/libc.a(lib_a-reent.o) (_free_r)
/usr/lib/gcc/arm-none-eabi/9.2.1/../../../arm-none-eabi/lib/thumb/v7-m/nofp/libc.a(lib_a-impure.o)
                              /usr/lib/gcc/arm-none-eabi/9.2.1/../../../arm-none-eabi/lib/thumb/v7-m/nofp/libc.a(lib_a-reent.o) (_impure_ptr)
/usr/lib/gcc/arm-none-eabi/9.2.1/../../../arm-none-eabi/lib/thumb/v7-m/nofp/libc.a(lib_a-mallocr.o)
                              /usr/lib/gcc/arm-none-eabi/9.2.1/../../../arm-none-eabi/lib/thumb/v7-m/nofp/libc.a(lib_a-freer.o) (__malloc_current_mallinfo)
/usr/lib/gcc/arm-none-eabi/9.2.1/../../../arm-none-eabi/lib/thumb/v7-m/nofp/libc.a(lib_a-mlock.o)
                              /usr/lib/gcc/arm-none-eabi/9.2.1/../../../arm-none-eabi/lib/thumb/v7-m/nofp/libc.a(lib_a-freer.o) (__malloc_lock)
/usr/lib/gcc/arm-none-eabi/9.2.1/../../../arm-none-eabi/lib/thumb/v7-m/nofp/libc.a(lib_a-sbrkr.o)
                              /usr/lib/gcc/arm-none-eabi/9.2.1/../../../arm-none-eabi/lib/thumb/v7-m/nofp/libc.a(lib_a-freer.o) (_sbrk_r)

Allocating common symbols
Common symbol       size              file

compower_idle_activity
                    0x8               obj_zoul/compower.o
uip_ds6_timer_ra    0x8               obj_zoul/uip-ds6.o
rtcc_int1_callback  0x4               obj_zoul/rtcc.o
usb_setup_buffer    0x8               obj_zoul/usb-core.o
uip_ds6_if          0xf8              obj_zoul/uip-ds6.o
resolv_event_found  0x1               obj_zoul/resolv.o
uip_ds6_netif_addr_list_offset
                    0x1               obj_zoul/uip-ds6.o
uip_len             0x2               obj_zoul/uip6.o
errno               0x4               /usr/lib/gcc/arm-none-eabi/9.2.1/../../../arm-none-eabi/lib/thumb/v7-m/nofp/libc.a(lib_a-reent.o)
[...]
Memory Configuration

Name             Origin             Length             Attributes
FLASH_FW         0x0000000000202000 0x000000000007dfd4 xr
FLASH_CCA        0x000000000027ffd4 0x000000000000002c xr
NRSRAM           0x0000000020000000 0x0000000000000000 xrw
FRSRAM           0x0000000020000000 0x0000000000008000 xrw
*default*        0x0000000000000000 0xffffffffffffffff

Linker script and memory map

LOAD obj_zoul/startup-gcc.o
LOAD obj_zoul/mqtt.o
LOAD obj_zoul/contiki-main.o
LOAD obj_zoul/leds.o
LOAD obj_zoul/cc1200-zoul-arch.o
LOAD obj_zoul/adc-zoul.o
LOAD obj_zoul/button-sensor.o
LOAD obj_zoul/zoul-sensors.o
LOAD obj_zoul/board.o
LOAD obj_zoul/antenna-sw.o
LOAD obj_zoul/rtcc.o
LOAD obj_zoul/leds-res-arch.o
LOAD obj_zoul/power-mgmt.o
LOAD obj_zoul/soc.o
LOAD obj_zoul/clock.o
LOAD obj_zoul/rtimer-arch.o
LOAD obj_zoul/uart.o
LOAD obj_zoul/watchdog.o
LOAD obj_zoul/nvic.o
LOAD obj_zoul/cpu.o
LOAD obj_zoul/sys-ctrl.o
LOAD obj_zoul/gpio.o
LOAD obj_zoul/ioc.o
LOAD obj_zoul/spi.o
LOAD obj_zoul/adc.o
LOAD obj_zoul/crypto.o
LOAD obj_zoul/aes.o
LOAD obj_zoul/ecb.o
LOAD obj_zoul/cbc.o
LOAD obj_zoul/ctr.o
LOAD obj_zoul/cbc-mac.o
LOAD obj_zoul/gcm.o
LOAD obj_zoul/ccm.o
LOAD obj_zoul/sha256.o
LOAD obj_zoul/cc2538-aes-128.o
LOAD obj_zoul/cc2538-ccm-star.o
LOAD obj_zoul/cc2538-rf.o
LOAD obj_zoul/udma.o
LOAD obj_zoul/lpm.o
LOAD obj_zoul/pka.o
LOAD obj_zoul/bignum-driver.o
LOAD obj_zoul/ecc-driver.o
LOAD obj_zoul/ecc-algorithm.o
LOAD obj_zoul/ecc-curve.o
LOAD obj_zoul/dbg.o
LOAD obj_zoul/ieee-addr.o
LOAD obj_zoul/slip-arch.o
LOAD obj_zoul/slip.o
LOAD obj_zoul/i2c.o
LOAD obj_zoul/cc2538-temp-sensor.o
LOAD obj_zoul/vdd3-sensor.o
LOAD obj_zoul/cfs-coffee.o
LOAD obj_zoul/cfs-coffee-arch.o
LOAD obj_zoul/pwm.o
LOAD obj_zoul/dbg-printf.o
LOAD obj_zoul/dbg-snprintf.o
LOAD obj_zoul/dbg-sprintf.o
LOAD obj_zoul/strformat.o
LOAD obj_zoul/usb-core.o
LOAD obj_zoul/cdc-acm.o
LOAD obj_zoul/usb-arch.o
LOAD obj_zoul/usb-serial.o
LOAD obj_zoul/cdc-acm-descriptors.o
LOAD obj_zoul/stimer.o
LOAD obj_zoul/autostart.o
LOAD obj_zoul/energest.o
LOAD obj_zoul/etimer.o
LOAD obj_zoul/ctimer.o
LOAD obj_zoul/compower.o
LOAD obj_zoul/process.o
LOAD obj_zoul/rtimer.o
LOAD obj_zoul/mt.o
LOAD obj_zoul/procinit.o
LOAD obj_zoul/timer.o
LOAD obj_zoul/arg.o
LOAD obj_zoul/serial-line.o
LOAD obj_zoul/nullradio.o
LOAD obj_zoul/settings.o
LOAD obj_zoul/crc16.o
LOAD obj_zoul/ifft.o
LOAD obj_zoul/trickle-timer.o
LOAD obj_zoul/mmem.o
LOAD obj_zoul/me_tabs.o
LOAD obj_zoul/ccm-star.o
LOAD obj_zoul/me.o
LOAD obj_zoul/ringbufindex.o
LOAD obj_zoul/sensors.o
LOAD obj_zoul/list.o
LOAD obj_zoul/gcr.o
LOAD obj_zoul/aes-128.o
LOAD obj_zoul/memb.o
LOAD obj_zoul/print-stats.o
LOAD obj_zoul/petsciiconv.o
LOAD obj_zoul/random.o
LOAD obj_zoul/assert.o
LOAD obj_zoul/ringbuf.o
LOAD obj_zoul/uip-icmp6.o
LOAD obj_zoul/uip-ds6.o
LOAD obj_zoul/uip-ds6-route.o
LOAD obj_zoul/uip6.o
LOAD obj_zoul/uip-ds6-nbr.o
LOAD obj_zoul/uip-nd6.o
LOAD obj_zoul/sicslowpan.o
LOAD obj_zoul/slipdev.o
LOAD obj_zoul/dhcpc.o
LOAD obj_zoul/uip-packetqueue.o
LOAD obj_zoul/tcp-socket.o
LOAD obj_zoul/uip-debug.o
LOAD obj_zoul/ip64-addr.o
LOAD obj_zoul/uip-udp-packet.o
LOAD obj_zoul/psock.o
LOAD obj_zoul/tcpip.o
LOAD obj_zoul/resolv.o
LOAD obj_zoul/uip-nameserver.o
LOAD obj_zoul/uip-split.o
LOAD obj_zoul/udp-socket.o
LOAD obj_zoul/simple-udp.o
LOAD obj_zoul/uiplib.o
LOAD obj_zoul/rpl-nbr-policy.o
LOAD obj_zoul/rpl-of0.o
LOAD obj_zoul/rpl-timers.o
LOAD obj_zoul/rpl-ext-header.o
LOAD obj_zoul/rpl.o
LOAD obj_zoul/rpl-mrhof.o
LOAD obj_zoul/rpl-ns.o
LOAD obj_zoul/rpl-icmp6.o
LOAD obj_zoul/rpl-dag.o
LOAD obj_zoul/rpl-dag-root.o
LOAD obj_zoul/syscalls.o
LOAD obj_zoul/queuebuf.o
LOAD obj_zoul/nbr-table.o
LOAD obj_zoul/packetbuf.o
LOAD obj_zoul/netstack.o
LOAD obj_zoul/linkaddr.o
LOAD obj_zoul/net-debug.o
LOAD obj_zoul/link-stats.o
LOAD obj_zoul/nullmac.o
LOAD obj_zoul/nullrdc-noframer.o
LOAD obj_zoul/framer-nullmac.o
LOAD obj_zoul/nordc.o
LOAD obj_zoul/frame802154e-ie.o
LOAD obj_zoul/mac-sequence.o
LOAD obj_zoul/framer-802154.o
LOAD obj_zoul/csma.o
LOAD obj_zoul/frame802154.o
LOAD obj_zoul/mac.o
LOAD obj_zoul/phase.o
LOAD obj_zoul/nullrdc.o
LOAD obj_zoul/contikimac.o
LOAD obj_zoul/contikimac-framer.o
LOAD obj_zoul/nullsec.o
LOAD obj_zoul/anti-replay.o
LOAD obj_zoul/ccm-star-packetbuf.o
LOAD obj_zoul/noncoresec.o
LOAD obj_zoul/cc1200-868-fsk-1-2kbps.o
LOAD obj_zoul/cc1200-802154g-863-870-fsk-50kbps.o
LOAD obj_zoul/cc1200.o
LOAD mqtt_publisher.co
LOAD obj_zoul/slip-bridge.o
START GROUP
LOAD /usr/lib/gcc/arm-none-eabi/9.2.1/thumb/v7-m/nofp/libgcc.a
LOAD /usr/lib/gcc/arm-none-eabi/9.2.1/../../../arm-none-eabi/lib/thumb/v7-m/nofp/libc.a
END GROUP

.text           0x0000000000202000     0xd101
                0x0000000000202000                _text = .
 *(SORT_BY_ALIGNMENT(.vectors))
 .vectors       0x0000000000202000      0x28c obj_zoul/startup-gcc.o
                0x0000000000202000                vectors
 *(SORT_BY_ALIGNMENT(.text*))
 .text.reset_handler
                0x000000000020228c       0x40 obj_zoul/startup-gcc.o
                0x000000000020228c                reset_handler
 .text.call_event
                0x00000000002022cc       0x1c obj_zoul/mqtt.o
 .text.tcp_input
                0x00000000002022e8      0x310 obj_zoul/mqtt.o
 .text.keep_alive_callback
                0x00000000002025f8       0x44 obj_zoul/mqtt.o
 .text.connect_tcp
                0x000000000020263c       0x68 obj_zoul/mqtt.o
 .text.tcp_event
                0x00000000002026a4       0x94 obj_zoul/mqtt.o
 .text.mqtt_init
                0x0000000000202738       0xb4 obj_zoul/mqtt.o
                0x0000000000202738                mqtt_init
 .text.mqtt_register
                0x00000000002027ec       0x64 obj_zoul/mqtt.o
                0x00000000002027ec                mqtt_register
 .text.mqtt_connect
                0x0000000000202850       0x5c obj_zoul/mqtt.o
                0x0000000000202850                mqtt_connect
 .text.mqtt_disconnect
                0x00000000002028ac       0x24 obj_zoul/mqtt.o
                0x00000000002028ac                mqtt_disconnect
 .text.process_thread_mqtt_process
                0x00000000002028d0      0xfc4 obj_zoul/mqtt.o
 .text.mqtt_subscribe
                0x0000000000203894       0x60 obj_zoul/mqtt.o
                0x0000000000203894                mqtt_subscribe
 .text.mqtt_publish
                0x00000000002038f4       0x78 obj_zoul/mqtt.o
                0x00000000002038f4                mqtt_publish
 .text.startup.main
                0x000000000020396c      0x1ac obj_zoul/contiki-main.o
                0x000000000020396c                main
 .text.leds_init
                0x0000000000203b18       0x14 obj_zoul/leds.o
                0x0000000000203b18                leds_init
 .text.leds_on  0x0000000000203b2c       0x10 obj_zoul/leds.o
                0x0000000000203b2c                leds_on
 .text.leds_off
                0x0000000000203b3c       0x14 obj_zoul/leds.o
                0x0000000000203b3c                leds_off
 .text.value    0x0000000000203b50       0x38 obj_zoul/adc-zoul.o
 .text.configure
                0x0000000000203b88       0x88 obj_zoul/adc-zoul.o
 .text.value    0x0000000000203c10       0x20 obj_zoul/button-sensor.o
 .text.duration_exceeded_callback
                0x0000000000203c30       0x3c obj_zoul/button-sensor.o
 .text.config_user
                0x0000000000203c6c       0xa0 obj_zoul/button-sensor.o
 .text.btn_callback
                0x0000000000203d0c       0x5c obj_zoul/button-sensor.o
 .text.antenna_sw_config
                0x0000000000203d68       0x30 obj_zoul/antenna-sw.o
                0x0000000000203d68                antenna_sw_config
 .text.leds_arch_init
                0x0000000000203d98       0x48 obj_zoul/leds-res-arch.o
                0x0000000000203d98                leds_arch_init
 .text.leds_arch_set
                0x0000000000203de0       0x38 obj_zoul/leds-res-arch.o
                0x0000000000203de0                leds_arch_set
 .text.soc_get_rev
                0x0000000000203e18       0x18 obj_zoul/soc.o
                0x0000000000203e18                soc_get_rev
 .text.soc_get_sram_size
                0x0000000000203e30       0x20 obj_zoul/soc.o
                0x0000000000203e30                soc_get_sram_size
 .text.soc_print_info
                0x0000000000203e50       0x70 obj_zoul/soc.o
                0x0000000000203e50                soc_print_info
 .text.update_ticks
                0x0000000000203ec0       0x54 obj_zoul/clock.o
 .text.clock_init
                0x0000000000203f14       0x50 obj_zoul/clock.o
                0x0000000000203f14                clock_init
 .text.clock_time
                0x0000000000203f64       0x14 obj_zoul/clock.o
                0x0000000000203f64                clock_time
 .text.clock_seconds
                0x0000000000203f78       0x14 obj_zoul/clock.o
                0x0000000000203f78                clock_seconds
 .text.clock_delay_usec
                0x0000000000203f8c       0x1c obj_zoul/clock.o
                0x0000000000203f8c                clock_delay_usec
 .text.rtimer_arch_now
                0x0000000000203fa8       0x24 obj_zoul/rtimer-arch.o
                0x0000000000203fa8                rtimer_arch_now
 .text.rtimer_arch_schedule
                0x0000000000203fcc       0x58 obj_zoul/rtimer-arch.o
                0x0000000000203fcc                rtimer_arch_schedule
 .text.rtimer_isr
                0x0000000000204024       0x20 obj_zoul/rtimer-arch.o
                0x0000000000204024                rtimer_isr
 .text.uart_isr
                0x0000000000204044       0x60 obj_zoul/uart.o
 .text.uart_init
                0x00000000002040a4      0x180 obj_zoul/uart.o
                0x00000000002040a4                uart_init
 .text.uart_set_input
                0x0000000000204224       0x10 obj_zoul/uart.o
                0x0000000000204224                uart_set_input
 .text.uart_write_byte
                0x0000000000204234       0x1c obj_zoul/uart.o
                0x0000000000204234                uart_write_byte
 .text.watchdog_init
                0x0000000000204250        0xc obj_zoul/watchdog.o
                0x0000000000204250                watchdog_init
 .text.watchdog_start
                0x000000000020425c        0xc obj_zoul/watchdog.o
                0x000000000020425c                watchdog_start
 .text.watchdog_periodic
                0x0000000000204268       0x10 obj_zoul/watchdog.o
                0x0000000000204268                watchdog_periodic
 .text.nvic_init
                0x0000000000204278       0x3c obj_zoul/nvic.o
                0x0000000000204278                nvic_init
 .text.nvic_interrupt_enable
                0x00000000002042b4       0x1c obj_zoul/nvic.o
                0x00000000002042b4                nvic_interrupt_enable
 .text.nvic_interrupt_disable
                0x00000000002042d0       0x1c obj_zoul/nvic.o
                0x00000000002042d0                nvic_interrupt_disable
 .text.nvic_interrupt_unpend
                0x00000000002042ec       0x1c obj_zoul/nvic.o
                0x00000000002042ec                nvic_interrupt_unpend
 .text.sys_ctrl_get_reset_cause
                0x0000000000204308       0x10 obj_zoul/sys-ctrl.o
                0x0000000000204308                sys_ctrl_get_reset_cause
 .text.sys_ctrl_get_reset_cause_str
                0x0000000000204318       0x14 obj_zoul/sys-ctrl.o
                0x0000000000204318                sys_ctrl_get_reset_cause_str
 .text.sys_ctrl_init
                0x000000000020432c       0x74 obj_zoul/sys-ctrl.o
                0x000000000020432c                sys_ctrl_init
 .text.sys_ctrl_get_sys_clock
                0x00000000002043a0       0x18 obj_zoul/sys-ctrl.o
                0x00000000002043a0                sys_ctrl_get_sys_clock
 .text.sys_ctrl_get_io_clock
                0x00000000002043b8       0x18 obj_zoul/sys-ctrl.o
                0x00000000002043b8                sys_ctrl_get_io_clock
 .text.gpio_register_callback
                0x00000000002043d0       0x10 obj_zoul/gpio.o
                0x00000000002043d0                gpio_register_callback
 .text.notify   0x00000000002043e0       0x30 obj_zoul/gpio.o
                0x00000000002043e0                notify
 .text.gpio_port_isr
                0x0000000000204410       0x40 obj_zoul/gpio.o
 .text.gpio_init
                0x0000000000204450       0x10 obj_zoul/gpio.o
                0x0000000000204450                gpio_init
 .text.ioc_init
                0x0000000000204460       0x1c obj_zoul/ioc.o
                0x0000000000204460                ioc_init
 .text.ioc_set_over
                0x000000000020447c       0x14 obj_zoul/ioc.o
                0x000000000020447c                ioc_set_over
 .text.ioc_set_sel
                0x0000000000204490       0x14 obj_zoul/ioc.o
                0x0000000000204490                ioc_set_sel
 .text.adc_init
                0x00000000002044a4       0x10 obj_zoul/adc.o
                0x00000000002044a4                adc_init
 .text.adc_get  0x00000000002044b4       0x70 obj_zoul/adc.o
                0x00000000002044b4                adc_get
 .text.crypto_isr
                0x0000000000204524       0x24 obj_zoul/crypto.o
                0x0000000000204524                crypto_isr
 .text.crypto_enable
                0x0000000000204548       0x20 obj_zoul/crypto.o
                0x0000000000204548                crypto_enable
 .text.crypto_init
                0x0000000000204568       0x34 obj_zoul/crypto.o
                0x0000000000204568                crypto_init
 .text.crypto_disable
                0x000000000020459c       0x20 obj_zoul/crypto.o
                0x000000000020459c                crypto_disable
 .text.off      0x00000000002045bc       0x40 obj_zoul/cc2538-rf.o
 .text.receiving_packet
                0x00000000002045fc       0x18 obj_zoul/cc2538-rf.o
 .text.pending_packet
                0x0000000000204614       0x10 obj_zoul/cc2538-rf.o
 .text.on       0x0000000000204624       0x2c obj_zoul/cc2538-rf.o
 .text.set_channel
                0x0000000000204650       0x48 obj_zoul/cc2538-rf.o
 .text.get_value
                0x0000000000204698      0x160 obj_zoul/cc2538-rf.o
 .text.channel_clear
                0x00000000002047f8       0x3c obj_zoul/cc2538-rf.o
 .text.prepare  0x0000000000204834       0x64 obj_zoul/cc2538-rf.o
 .text.transmit
                0x0000000000204898       0x9c obj_zoul/cc2538-rf.o
 .text.set_object
                0x0000000000204934       0x30 obj_zoul/cc2538-rf.o
 .text.read     0x0000000000204964       0xe0 obj_zoul/cc2538-rf.o
 .text.set_poll_mode
                0x0000000000204a44       0x8c obj_zoul/cc2538-rf.o
 .text.set_value
                0x0000000000204ad0       0xf0 obj_zoul/cc2538-rf.o
 .text.init     0x0000000000204bc0       0xc4 obj_zoul/cc2538-rf.o
 .text.process_thread_cc2538_rf_process
                0x0000000000204c84       0x90 obj_zoul/cc2538-rf.o
 .text.get_object
                0x0000000000204d14      0x130 obj_zoul/cc2538-rf.o
 .text.cc2538_rf_rx_tx_isr
                0x0000000000204e44       0x24 obj_zoul/cc2538-rf.o
                0x0000000000204e44                cc2538_rf_rx_tx_isr
 .text.cc2538_rf_err_isr
                0x0000000000204e68       0x28 obj_zoul/cc2538-rf.o
                0x0000000000204e68                cc2538_rf_err_isr
 .text.udma_init
                0x0000000000204e90       0x30 obj_zoul/udma.o
                0x0000000000204e90                udma_init
 .text.udma_set_channel_src
                0x0000000000204ec0       0x10 obj_zoul/udma.o
                0x0000000000204ec0                udma_set_channel_src
 .text.udma_set_channel_dst
                0x0000000000204ed0       0x14 obj_zoul/udma.o
                0x0000000000204ed0                udma_set_channel_dst
 .text.udma_set_channel_control_word
                0x0000000000204ee4       0x14 obj_zoul/udma.o
                0x0000000000204ee4                udma_set_channel_control_word
 .text.udma_channel_enable
                0x0000000000204ef8       0x18 obj_zoul/udma.o
                0x0000000000204ef8                udma_channel_enable
 .text.udma_channel_mask_set
                0x0000000000204f10       0x18 obj_zoul/udma.o
                0x0000000000204f10                udma_channel_mask_set
 .text.udma_channel_sw_request
                0x0000000000204f28       0x18 obj_zoul/udma.o
                0x0000000000204f28                udma_channel_sw_request
 .text.udma_channel_get_mode
                0x0000000000204f40       0x1c obj_zoul/udma.o
                0x0000000000204f40                udma_channel_get_mode
 .text.udma_isr
                0x0000000000204f5c       0x10 obj_zoul/udma.o
                0x0000000000204f5c                udma_isr
 .text.udma_err_isr
                0x0000000000204f6c        0xc obj_zoul/udma.o
                0x0000000000204f6c                udma_err_isr
 .text.pka_isr  0x0000000000204f78       0x24 obj_zoul/pka.o
                0x0000000000204f78                pka_isr
 .text.putchar  0x0000000000204f9c       0x40 obj_zoul/dbg.o
                0x0000000000204f9c                putchar
 .text.ieee_addr_cpy_to
                0x0000000000204fdc       0x74 obj_zoul/ieee-addr.o
                0x0000000000204fdc                ieee_addr_cpy_to
 .text.slip_arch_init
                0x0000000000205050        0xc obj_zoul/slip-arch.o
                0x0000000000205050                slip_arch_init
 .text.process_thread_slip_process
                0x000000000020505c      0x264 obj_zoul/slip.o
 .text.slip_set_input_callback
                0x00000000002052c0        0xc obj_zoul/slip.o
                0x00000000002052c0                slip_set_input_callback
 .text.slip_send
                0x00000000002052cc       0x58 obj_zoul/slip.o
                0x00000000002052cc                slip_send
 .text.slip_input_byte
                0x0000000000205324       0xac obj_zoul/slip.o
                0x0000000000205324                slip_input_byte
 .text.printf   0x00000000002053d0       0x20 obj_zoul/dbg-printf.o
                0x00000000002053d0                printf
 .text.vsnprintf
                0x00000000002053f0       0x28 obj_zoul/dbg-snprintf.o
                0x00000000002053f0                vsnprintf
 .text.fill_space
                0x0000000000205418       0x34 obj_zoul/strformat.o
 .text.format_str_v
                0x000000000020544c      0x764 obj_zoul/strformat.o
                0x000000000020544c                format_str_v
 .text.update_time
                0x0000000000205bb0       0x40 obj_zoul/etimer.o
 .text.etimer_request_poll
                0x0000000000205bf0        0xc obj_zoul/etimer.o
                0x0000000000205bf0                etimer_request_poll
 .text.process_thread_etimer_process
                0x0000000000205bfc       0xac obj_zoul/etimer.o
 .text.add_timer
                0x0000000000205ca8       0x40 obj_zoul/etimer.o
 .text.etimer_pending
                0x0000000000205ce8       0x10 obj_zoul/etimer.o
                0x0000000000205ce8                etimer_pending
 .text.etimer_stop
                0x0000000000205cf8       0x34 obj_zoul/etimer.o
                0x0000000000205cf8                etimer_stop
 .text.process_thread_ctimer_process
                0x0000000000205d2c       0x7c obj_zoul/ctimer.o
 .text.ctimer_init
                0x0000000000205da8       0x28 obj_zoul/ctimer.o
                0x0000000000205da8                ctimer_init
 .text.ctimer_set_with_process
                0x0000000000205dd0       0x44 obj_zoul/ctimer.o
                0x0000000000205dd0                ctimer_set_with_process
 .text.ctimer_set
                0x0000000000205e14       0x14 obj_zoul/ctimer.o
                0x0000000000205e14                ctimer_set
 .text.ctimer_reset
                0x0000000000205e28       0x38 obj_zoul/ctimer.o
                0x0000000000205e28                ctimer_reset
 .text.ctimer_restart
                0x0000000000205e60       0x38 obj_zoul/ctimer.o
                0x0000000000205e60                ctimer_restart
 .text.ctimer_stop
                0x0000000000205e98       0x2c obj_zoul/ctimer.o
                0x0000000000205e98                ctimer_stop
 .text.call_process.part.0
                0x0000000000205ec4       0x38 obj_zoul/process.o
 .text.exit_process
                0x0000000000205efc       0x80 obj_zoul/process.o
 .text.do_poll  0x0000000000205f7c       0x30 obj_zoul/process.o
 .text.process_alloc_event
                0x0000000000205fac       0x10 obj_zoul/process.o
                0x0000000000205fac                process_alloc_event
 .text.process_init
                0x0000000000205fbc       0x30 obj_zoul/process.o
                0x0000000000205fbc                process_init
 .text.process_run
                0x0000000000205fec       0x84 obj_zoul/process.o
                0x0000000000205fec                process_run
 .text.process_post
                0x0000000000206070       0x3c obj_zoul/process.o
                0x0000000000206070                process_post
 .text.process_post_synch
                0x00000000002060ac       0x14 obj_zoul/process.o
                0x00000000002060ac                process_post_synch
 .text.process_start
                0x00000000002060c0       0x30 obj_zoul/process.o
                0x00000000002060c0                process_start
 .text.process_poll
                0x00000000002060f0       0x18 obj_zoul/process.o
                0x00000000002060f0                process_poll
 .text.rtimer_run_next
                0x0000000000206108       0x28 obj_zoul/rtimer.o
                0x0000000000206108                rtimer_run_next
 .text.process_thread_serial_line_process
                0x0000000000206130       0x98 obj_zoul/serial-line.o
 .text.serial_line_input_byte
                0x00000000002061c8       0x48 obj_zoul/serial-line.o
                0x00000000002061c8                serial_line_input_byte
 .text.serial_line_init
                0x0000000000206210       0x24 obj_zoul/serial-line.o
                0x0000000000206210                serial_line_init
 .text.process_thread_sensors_process
                0x0000000000206234       0xd4 obj_zoul/sensors.o
 .text.sensors_changed
                0x0000000000206308       0x3c obj_zoul/sensors.o
                0x0000000000206308                sensors_changed
 .text.random_rand
                0x0000000000206344       0x24 obj_zoul/random.o
                0x0000000000206344                random_rand
 .text.random_init
                0x0000000000206368       0x78 obj_zoul/random.o
                0x0000000000206368                random_init
 .text.echo_reply_input
                0x00000000002063e0       0xa0 obj_zoul/uip-icmp6.o
 .text.echo_request_input
                0x0000000000206480       0xd0 obj_zoul/uip-icmp6.o
 .text.uip_icmp6_input
                0x0000000000206550       0x38 obj_zoul/uip-icmp6.o
                0x0000000000206550                uip_icmp6_input
 .text.uip_icmp6_register_input_handler
                0x0000000000206588        0xc obj_zoul/uip-icmp6.o
                0x0000000000206588                uip_icmp6_register_input_handler
 .text.uip_icmp6_error_output
                0x0000000000206594      0x148 obj_zoul/uip-icmp6.o
                0x0000000000206594                uip_icmp6_error_output
 .text.uip_icmp6_send
                0x00000000002066dc       0x8c obj_zoul/uip-icmp6.o
                0x00000000002066dc                uip_icmp6_send
 .text.uip_icmp6_init
                0x0000000000206768       0x1c obj_zoul/uip-icmp6.o
                0x0000000000206768                uip_icmp6_init
 .text.uip_ds6_prefix_add
                0x0000000000206784       0x60 obj_zoul/uip-ds6.o
                0x0000000000206784                uip_ds6_prefix_add
 .text.uip_ds6_is_addr_onlink
                0x00000000002067e4       0x3c obj_zoul/uip-ds6.o
                0x00000000002067e4                uip_ds6_is_addr_onlink
 .text.uip_ds6_addr_lookup
                0x0000000000206820       0x2c obj_zoul/uip-ds6.o
                0x0000000000206820                uip_ds6_addr_lookup
 .text.uip_ds6_get_link_local
                0x000000000020684c       0x3c obj_zoul/uip-ds6.o
                0x000000000020684c                uip_ds6_get_link_local
 .text.uip_ds6_get_global
                0x0000000000206888       0x3c obj_zoul/uip-ds6.o
                0x0000000000206888                uip_ds6_get_global
 .text.uip_ds6_maddr_add
                0x00000000002068c4       0x4c obj_zoul/uip-ds6.o
                0x00000000002068c4                uip_ds6_maddr_add
 .text.uip_ds6_addr_add
                0x0000000000206910       0x98 obj_zoul/uip-ds6.o
                0x0000000000206910                uip_ds6_addr_add
 .text.uip_ds6_maddr_lookup
                0x00000000002069a8       0x2c obj_zoul/uip-ds6.o
                0x00000000002069a8                uip_ds6_maddr_lookup
 .text.uip_ds6_addr_rm
                0x00000000002069d4       0x44 obj_zoul/uip-ds6.o
                0x00000000002069d4                uip_ds6_addr_rm
 .text.uip_ds6_periodic
                0x0000000000206a18       0x48 obj_zoul/uip-ds6.o
                0x0000000000206a18                uip_ds6_periodic
 .text.uip_ds6_select_src
                0x0000000000206a60       0x90 obj_zoul/uip-ds6.o
                0x0000000000206a60                uip_ds6_select_src
 .text.uip_ds6_compute_reachable_time
                0x0000000000206af0       0x2c obj_zoul/uip-ds6.o
                0x0000000000206af0                uip_ds6_compute_reachable_time
 .text.uip_ds6_init
                0x0000000000206b1c       0xe4 obj_zoul/uip-ds6.o
                0x0000000000206b1c                uip_ds6_init
 .text.call_route_callback
                0x0000000000206c00       0x54 obj_zoul/uip-ds6-route.o
 .text.uip_ds6_route_init
                0x0000000000206c54       0x4c obj_zoul/uip-ds6-route.o
                0x0000000000206c54                uip_ds6_route_init
 .text.uip_ds6_route_nexthop
                0x0000000000206ca0       0x1c obj_zoul/uip-ds6-route.o
                0x0000000000206ca0                uip_ds6_route_nexthop
 .text.uip_ds6_route_head
                0x0000000000206cbc        0xc obj_zoul/uip-ds6-route.o
                0x0000000000206cbc                uip_ds6_route_head
 .text.uip_ds6_route_is_nexthop
                0x0000000000206cc8       0x20 obj_zoul/uip-ds6-route.o
                0x0000000000206cc8                uip_ds6_route_is_nexthop
 .text.uip_ds6_route_lookup
                0x0000000000206ce8       0x64 obj_zoul/uip-ds6-route.o
                0x0000000000206ce8                uip_ds6_route_lookup
 .text.uip_ds6_route_rm
                0x0000000000206d4c       0xa0 obj_zoul/uip-ds6-route.o
                0x0000000000206d4c                uip_ds6_route_rm
 .text.rm_routelist
                0x0000000000206dec       0x30 obj_zoul/uip-ds6-route.o
 .text.uip_ds6_route_add
                0x0000000000206e1c      0x108 obj_zoul/uip-ds6-route.o
                0x0000000000206e1c                uip_ds6_route_add
 .text.uip_ds6_defrt_rm
                0x0000000000206f24       0x44 obj_zoul/uip-ds6-route.o
                0x0000000000206f24                uip_ds6_defrt_rm
 .text.uip_ds6_defrt_lookup
                0x0000000000206f68       0x2c obj_zoul/uip-ds6-route.o
                0x0000000000206f68                uip_ds6_defrt_lookup
 .text.uip_ds6_defrt_add
                0x0000000000206f94       0x64 obj_zoul/uip-ds6-route.o
                0x0000000000206f94                uip_ds6_defrt_add
 .text.uip_ds6_defrt_choose
                0x0000000000206ff8       0x30 obj_zoul/uip-ds6-route.o
                0x0000000000206ff8                uip_ds6_defrt_choose
 .text.uip_ds6_defrt_periodic
                0x0000000000207028       0x3c obj_zoul/uip-ds6-route.o
                0x0000000000207028                uip_ds6_defrt_periodic
 .text.upper_layer_chksum
                0x0000000000207064       0x54 obj_zoul/uip6.o
 .text.ext_hdr_options_process
                0x00000000002070b8       0xbc obj_zoul/uip6.o
 .text.uip_add32
                0x0000000000207174       0x54 obj_zoul/uip6.o
                0x0000000000207174                uip_add32
 .text.uip_add_rcv_nxt
                0x00000000002071c8       0x2c obj_zoul/uip6.o
 .text.uip_init
                0x00000000002071f4       0x60 obj_zoul/uip6.o
                0x00000000002071f4                uip_init
 .text.uip_connect
                0x0000000000207254       0xcc obj_zoul/uip6.o
                0x0000000000207254                uip_connect
 .text.remove_ext_hdr
                0x0000000000207320       0x50 obj_zoul/uip6.o
                0x0000000000207320                remove_ext_hdr
 .text.uip_unlisten
                0x0000000000207370       0x24 obj_zoul/uip6.o
                0x0000000000207370                uip_unlisten
 .text.uip_process
                0x0000000000207394      0xc9c obj_zoul/uip6.o
                0x0000000000207394                uip_process
 .text.uip_htonl
                0x0000000000208030       0x1c obj_zoul/uip6.o
                0x0000000000208030                uip_htonl
 .text.uip_send
                0x000000000020804c       0x48 obj_zoul/uip6.o
                0x000000000020804c                uip_send
 .text.uip_ds6_nbr_rm
                0x0000000000208094       0x20 obj_zoul/uip-ds6-nbr.o
                0x0000000000208094                uip_ds6_nbr_rm
 .text.uip_ds6_neighbors_init
                0x00000000002080b4       0x1c obj_zoul/uip-ds6-nbr.o
                0x00000000002080b4                uip_ds6_neighbors_init
 .text.uip_ds6_nbr_add
                0x00000000002080d0       0x3c obj_zoul/uip-ds6-nbr.o
                0x00000000002080d0                uip_ds6_nbr_add
 .text.uip_ds6_nbr_get_ll
                0x000000000020810c       0x10 obj_zoul/uip-ds6-nbr.o
                0x000000000020810c                uip_ds6_nbr_get_ll
 .text.uip_ds6_nbr_lookup
                0x000000000020811c       0x38 obj_zoul/uip-ds6-nbr.o
                0x000000000020811c                uip_ds6_nbr_lookup
 .text.uip_ds6_nbr_ll_lookup
                0x0000000000208154       0x10 obj_zoul/uip-ds6-nbr.o
                0x0000000000208154                uip_ds6_nbr_ll_lookup
 .text.uip_ds6_link_neighbor_callback
                0x0000000000208164       0x34 obj_zoul/uip-ds6-nbr.o
                0x0000000000208164                uip_ds6_link_neighbor_callback
 .text.clear_fragments
                0x0000000000208198       0x38 obj_zoul/sicslowpan.o
 .text.sicslowpan_init
                0x00000000002081d0       0x24 obj_zoul/sicslowpan.o
                0x00000000002081d0                sicslowpan_init
 .text.compress_addr_64
                0x00000000002081f4       0x90 obj_zoul/sicslowpan.o
 .text.set_packet_attrs
                0x0000000000208284       0x40 obj_zoul/sicslowpan.o
 .text.addr_context_lookup_by_prefix
                0x00000000002082c4       0x28 obj_zoul/sicslowpan.o
 .text.send_packet
                0x00000000002082ec       0x24 obj_zoul/sicslowpan.o
 .text.packet_sent
                0x0000000000208310       0x28 obj_zoul/sicslowpan.o
 .text.store_fragment
                0x0000000000208338       0x68 obj_zoul/sicslowpan.o
 .text.uncompress_addr
                0x00000000002083a0       0x7c obj_zoul/sicslowpan.o
 .text.output   0x000000000020841c      0x6d4 obj_zoul/sicslowpan.o
 .text.add_fragment
                0x0000000000208af0      0x14c obj_zoul/sicslowpan.o
 .text.input    0x0000000000208c3c      0x578 obj_zoul/sicslowpan.o
 .text.newdata  0x00000000002091b4       0x60 obj_zoul/tcp-socket.o
 .text.senddata
                0x0000000000209214       0x28 obj_zoul/tcp-socket.o
 .text.process_thread_tcp_socket_process
                0x000000000020923c      0x1cc obj_zoul/tcp-socket.o
 .text.tcp_socket_register
                0x0000000000209408       0x70 obj_zoul/tcp-socket.o
                0x0000000000209408                tcp_socket_register
 .text.tcp_socket_connect
                0x0000000000209478       0x50 obj_zoul/tcp-socket.o
                0x0000000000209478                tcp_socket_connect
 .text.tcp_socket_unlisten
                0x00000000002094c8       0x3c obj_zoul/tcp-socket.o
                0x00000000002094c8                tcp_socket_unlisten
 .text.tcp_socket_unregister
                0x0000000000209504       0x2c obj_zoul/tcp-socket.o
                0x0000000000209504                tcp_socket_unregister
 .text.uip_debug_ipaddr_print
                0x0000000000209530       0xb0 obj_zoul/uip-debug.o
                0x0000000000209530                uip_debug_ipaddr_print
 .text.start_periodic_tcp_timer
                0x00000000002095e0       0x1c obj_zoul/tcpip.o
 .text.tcpip_output
                0x00000000002095fc       0x10 obj_zoul/tcpip.o
                0x00000000002095fc                tcpip_output
 .text.tcpip_set_outputfunc
                0x000000000020960c        0xc obj_zoul/tcpip.o
                0x000000000020960c                tcpip_set_outputfunc
 .text.tcp_unlisten
                0x0000000000209618       0x38 obj_zoul/tcpip.o
                0x0000000000209618                tcp_unlisten
 .text.tcp_attach
                0x0000000000209650       0x10 obj_zoul/tcpip.o
                0x0000000000209650                tcp_attach
 .text.tcpip_icmp6_call
                0x0000000000209660       0x28 obj_zoul/tcpip.o
                0x0000000000209660                tcpip_icmp6_call
 .text.tcpip_input
                0x0000000000209688       0x24 obj_zoul/tcpip.o
                0x0000000000209688                tcpip_input
 .text.tcpip_ipv6_output
                0x00000000002096ac       0xec obj_zoul/tcpip.o
                0x00000000002096ac                tcpip_ipv6_output
 .text.process_thread_tcpip_process
                0x0000000000209798      0x1b4 obj_zoul/tcpip.o
 .text.tcpip_poll_tcp
                0x000000000020994c       0x10 obj_zoul/tcpip.o
                0x000000000020994c                tcpip_poll_tcp
 .text.tcp_connect
                0x000000000020995c       0x20 obj_zoul/tcpip.o
                0x000000000020995c                tcp_connect
 .text.tcpip_uipcall
                0x000000000020997c       0x6c obj_zoul/tcpip.o
                0x000000000020997c                tcpip_uipcall
 .text.update_nbr
                0x00000000002099e8       0xe8 obj_zoul/rpl-nbr-policy.o
 .text.handle_periodic_timer
                0x0000000000209ad0       0x14 obj_zoul/rpl-nbr-policy.o
 .text.find_removable_dis
                0x0000000000209ae4       0x20 obj_zoul/rpl-nbr-policy.o
                0x0000000000209ae4                find_removable_dis
 .text.find_removable_dio
                0x0000000000209b04       0x3c obj_zoul/rpl-nbr-policy.o
                0x0000000000209b04                find_removable_dio
 .text.find_removable_dao
                0x0000000000209b40       0x38 obj_zoul/rpl-nbr-policy.o
                0x0000000000209b40                find_removable_dao
 .text.rpl_nbr_policy_find_removable
                0x0000000000209b78       0x28 obj_zoul/rpl-nbr-policy.o
                0x0000000000209b78                rpl_nbr_policy_find_removable
 .text.new_dio_interval
                0x0000000000209ba0       0x5c obj_zoul/rpl-timers.o
 .text.handle_periodic_timer
                0x0000000000209bfc       0x4c obj_zoul/rpl-timers.o
 .text.set_dao_lifetime_timer
                0x0000000000209c48       0x4c obj_zoul/rpl-timers.o
 .text.handle_dio_timer
                0x0000000000209c94       0x80 obj_zoul/rpl-timers.o
 .text.schedule_dao
                0x0000000000209d14       0x50 obj_zoul/rpl-timers.o
 .text.handle_dao_timer
                0x0000000000209d64       0x58 obj_zoul/rpl-timers.o
 .text.rpl_reset_periodic_timer
                0x0000000000209dbc       0x34 obj_zoul/rpl-timers.o
                0x0000000000209dbc                rpl_reset_periodic_timer
 .text.rpl_schedule_unicast_dio_immediately
                0x0000000000209df0       0x14 obj_zoul/rpl-timers.o
                0x0000000000209df0                rpl_schedule_unicast_dio_immediately
 .text.get_probing_target
                0x0000000000209e04       0xb8 obj_zoul/rpl-timers.o
                0x0000000000209e04                get_probing_target
 .text.rpl_schedule_probing
                0x0000000000209ebc       0x20 obj_zoul/rpl-timers.o
                0x0000000000209ebc                rpl_schedule_probing
 .text.update_hbh_header
                0x0000000000209edc       0xc8 obj_zoul/rpl-ext-header.o
 .text.insert_hbh_header
                0x0000000000209fa4       0xa0 obj_zoul/rpl-ext-header.o
 .text.rpl_verify_hbh_header
                0x000000000020a044       0xfc obj_zoul/rpl-ext-header.o
                0x000000000020a044                rpl_verify_hbh_header
 .text.rpl_remove_header
                0x000000000020a140       0x74 obj_zoul/rpl-ext-header.o
                0x000000000020a140                rpl_remove_header
 .text.rpl_update_header
                0x000000000020a1b4       0x64 obj_zoul/rpl-ext-header.o
                0x000000000020a1b4                rpl_update_header
 .text.rpl_get_mode
                0x000000000020a218        0xc obj_zoul/rpl.o
                0x000000000020a218                rpl_get_mode
 .text.rpl_purge_routes
                0x000000000020a224       0x68 obj_zoul/rpl.o
                0x000000000020a224                rpl_purge_routes
 .text.rpl_link_neighbor_callback
                0x000000000020a28c       0x3c obj_zoul/rpl.o
                0x000000000020a28c                rpl_link_neighbor_callback
 .text.rpl_ipv6_neighbor_callback
                0x000000000020a2c8       0x28 obj_zoul/rpl.o
                0x000000000020a2c8                rpl_ipv6_neighbor_callback
 .text.rpl_purge_dags
                0x000000000020a2f0       0x58 obj_zoul/rpl.o
                0x000000000020a2f0                rpl_purge_dags
 .text.rpl_init
                0x000000000020a348       0x34 obj_zoul/rpl.o
                0x000000000020a348                rpl_init
 .text.dao_ack_input
                0x000000000020a37c       0x14 obj_zoul/rpl-icmp6.o
 .text.dio_input
                0x000000000020a390      0x238 obj_zoul/rpl-icmp6.o
 .text.dao_input
                0x000000000020a5c8      0x25c obj_zoul/rpl-icmp6.o
 .text.dis_output
                0x000000000020a824       0x3c obj_zoul/rpl-icmp6.o
                0x000000000020a824                dis_output
 .text.dio_output
                0x000000000020a860      0x1f4 obj_zoul/rpl-icmp6.o
                0x000000000020a860                dio_output
 .text.dis_input
                0x000000000020aa54       0x50 obj_zoul/rpl-icmp6.o
 .text.dao_output_target
                0x000000000020aaa4      0x100 obj_zoul/rpl-icmp6.o
                0x000000000020aaa4                dao_output_target
 .text.dao_output
                0x000000000020aba4       0x94 obj_zoul/rpl-icmp6.o
                0x000000000020aba4                dao_output
 .text.rpl_icmp6_register_handlers
                0x000000000020ac38       0x30 obj_zoul/rpl-icmp6.o
                0x000000000020ac38                rpl_icmp6_register_handlers
 .text.rpl_set_preferred_parent
                0x000000000020ac68       0x28 obj_zoul/rpl-dag.o
 .text.set_ip_from_prefix
                0x000000000020ac90       0x2c obj_zoul/rpl-dag.o
 .text.find_parent_any_dag_any_instance
                0x000000000020acbc       0x1c obj_zoul/rpl-dag.o
 .text.rpl_dag_init
                0x000000000020acd8       0x14 obj_zoul/rpl-dag.o
                0x000000000020acd8                rpl_dag_init
 .text.rpl_get_parent
                0x000000000020acec       0x10 obj_zoul/rpl-dag.o
                0x000000000020acec                rpl_get_parent
 .text.rpl_get_parent_lladdr
                0x000000000020acfc       0x10 obj_zoul/rpl-dag.o
                0x000000000020acfc                rpl_get_parent_lladdr
 .text.best_parent
                0x000000000020ad0c       0x74 obj_zoul/rpl-dag.o
 .text.rpl_alloc_instance
                0x000000000020ad80       0x38 obj_zoul/rpl-dag.o
                0x000000000020ad80                rpl_alloc_instance
 .text.rpl_add_parent
                0x000000000020adb8       0x30 obj_zoul/rpl-dag.o
                0x000000000020adb8                rpl_add_parent
 .text.rpl_remove_parent
                0x000000000020ade8       0x1c obj_zoul/rpl-dag.o
                0x000000000020ade8                rpl_remove_parent
 .text.remove_parents.constprop.0
                0x000000000020ae04       0x2c obj_zoul/rpl-dag.o
 .text.rpl_get_any_dag
                0x000000000020ae30       0x18 obj_zoul/rpl-dag.o
                0x000000000020ae30                rpl_get_any_dag
 .text.rpl_get_instance
                0x000000000020ae48       0x1c obj_zoul/rpl-dag.o
                0x000000000020ae48                rpl_get_instance
 .text.rpl_find_of
                0x000000000020ae64       0x14 obj_zoul/rpl-dag.o
                0x000000000020ae64                rpl_find_of
 .text.rpl_set_root
                0x000000000020ae78      0x104 obj_zoul/rpl-dag.o
                0x000000000020ae78                rpl_set_root
 .text.rpl_join_instance
                0x000000000020af7c      0x130 obj_zoul/rpl-dag.o
                0x000000000020af7c                rpl_join_instance
 .text.rpl_local_repair
                0x000000000020b0ac       0x70 obj_zoul/rpl-dag.o
                0x000000000020b0ac                rpl_local_repair
 .text.rpl_recalculate_ranks
                0x000000000020b11c       0x3c obj_zoul/rpl-dag.o
                0x000000000020b11c                rpl_recalculate_ranks
 .text.queuebuf_init
                0x000000000020b158       0x1c obj_zoul/queuebuf.o
                0x000000000020b158                queuebuf_init
 .text.queuebuf_numfree
                0x000000000020b174        0xc obj_zoul/queuebuf.o
                0x000000000020b174                queuebuf_numfree
 .text.queuebuf_new_from_packetbuf
                0x000000000020b180       0x44 obj_zoul/queuebuf.o
                0x000000000020b180                queuebuf_new_from_packetbuf
 .text.queuebuf_free
                0x000000000020b1c4       0x2c obj_zoul/queuebuf.o
                0x000000000020b1c4                queuebuf_free
 .text.queuebuf_to_packetbuf
                0x000000000020b1f0       0x30 obj_zoul/queuebuf.o
                0x000000000020b1f0                queuebuf_to_packetbuf
 .text.key_from_index
                0x000000000020b220       0x18 obj_zoul/nbr-table.o
 .text.index_from_key
                0x000000000020b238       0x20 obj_zoul/nbr-table.o
 .text.index_from_lladdr
                0x000000000020b258       0x40 obj_zoul/nbr-table.o
 .text.nbr_get_bit.constprop.0
                0x000000000020b298       0x24 obj_zoul/nbr-table.o
 .text.remove_key
                0x000000000020b2bc       0x64 obj_zoul/nbr-table.o
 .text.nbr_table_register
                0x000000000020b320       0x28 obj_zoul/nbr-table.o
                0x000000000020b320                nbr_table_register
 .text.nbr_table_head
                0x000000000020b348       0x38 obj_zoul/nbr-table.o
                0x000000000020b348                nbr_table_head
 .text.nbr_table_add_lladdr
                0x000000000020b380       0xf8 obj_zoul/nbr-table.o
                0x000000000020b380                nbr_table_add_lladdr
 .text.nbr_table_remove
                0x000000000020b478       0x2c obj_zoul/nbr-table.o
                0x000000000020b478                nbr_table_remove
 .text.nbr_table_lock
                0x000000000020b4a4       0x10 obj_zoul/nbr-table.o
                0x000000000020b4a4                nbr_table_lock
 .text.nbr_table_unlock
                0x000000000020b4b4       0x10 obj_zoul/nbr-table.o
                0x000000000020b4b4                nbr_table_unlock
 .text.packetbuf_hdrreduce
                0x000000000020b4c4       0x28 obj_zoul/packetbuf.o
                0x000000000020b4c4                packetbuf_hdrreduce
 .text.packetbuf_set_datalen
                0x000000000020b4ec        0xc obj_zoul/packetbuf.o
                0x000000000020b4ec                packetbuf_set_datalen
 .text.packetbuf_hdrptr
                0x000000000020b4f8        0x8 obj_zoul/packetbuf.o
                0x000000000020b4f8                packetbuf_hdrptr
 .text.packetbuf_datalen
                0x000000000020b500        0xc obj_zoul/packetbuf.o
                0x000000000020b500                packetbuf_datalen
 .text.packetbuf_hdrlen
                0x000000000020b50c       0x18 obj_zoul/packetbuf.o
                0x000000000020b50c                packetbuf_hdrlen
 .text.packetbuf_dataptr
                0x000000000020b524       0x10 obj_zoul/packetbuf.o
                0x000000000020b524                packetbuf_dataptr
 .text.packetbuf_copyto
                0x000000000020b534       0x40 obj_zoul/packetbuf.o
                0x000000000020b534                packetbuf_copyto
 .text.packetbuf_totlen
                0x000000000020b574       0x14 obj_zoul/packetbuf.o
                0x000000000020b574                packetbuf_totlen
 .text.packetbuf_hdralloc
                0x000000000020b588       0x40 obj_zoul/packetbuf.o
                0x000000000020b588                packetbuf_hdralloc
 .text.packetbuf_attr_clear
                0x000000000020b5c8       0x34 obj_zoul/packetbuf.o
                0x000000000020b5c8                packetbuf_attr_clear
 .text.packetbuf_clear
                0x000000000020b5fc       0x20 obj_zoul/packetbuf.o
                0x000000000020b5fc                packetbuf_clear
 .text.packetbuf_copyfrom
                0x000000000020b61c       0x2c obj_zoul/packetbuf.o
                0x000000000020b61c                packetbuf_copyfrom
 .text.packetbuf_attr_copyto
                0x000000000020b648       0x34 obj_zoul/packetbuf.o
                0x000000000020b648                packetbuf_attr_copyto
 .text.packetbuf_attr_copyfrom
                0x000000000020b67c       0x34 obj_zoul/packetbuf.o
                0x000000000020b67c                packetbuf_attr_copyfrom
 .text.packetbuf_set_attr
                0x000000000020b6b0       0x10 obj_zoul/packetbuf.o
                0x000000000020b6b0                packetbuf_set_attr
 .text.packetbuf_attr
                0x000000000020b6c0        0xc obj_zoul/packetbuf.o
                0x000000000020b6c0                packetbuf_attr
 .text.packetbuf_set_addr
                0x000000000020b6cc       0x18 obj_zoul/packetbuf.o
                0x000000000020b6cc                packetbuf_set_addr
 .text.packetbuf_addr
                0x000000000020b6e4       0x10 obj_zoul/packetbuf.o
                0x000000000020b6e4                packetbuf_addr
 .text.packetbuf_holds_broadcast
                0x000000000020b6f4       0x10 obj_zoul/packetbuf.o
                0x000000000020b6f4                packetbuf_holds_broadcast
 .text.netstack_init
                0x000000000020b704       0x38 obj_zoul/netstack.o
                0x000000000020b704                netstack_init
 .text.periodic
                0x000000000020b73c       0x30 obj_zoul/link-stats.o
 .text.link_stats_from_lladdr
                0x000000000020b76c        0xc obj_zoul/link-stats.o
                0x000000000020b76c                link_stats_from_lladdr
 .text.link_stats_packet_sent
                0x000000000020b778       0x78 obj_zoul/link-stats.o
                0x000000000020b778                link_stats_packet_sent
 .text.link_stats_input_callback
                0x000000000020b7f0       0x4c obj_zoul/link-stats.o
                0x000000000020b7f0                link_stats_input_callback
 .text.link_stats_init
                0x000000000020b83c       0x28 obj_zoul/link-stats.o
                0x000000000020b83c                link_stats_init
 .text.mac_sequence_is_duplicate
                0x000000000020b864       0x50 obj_zoul/mac-sequence.o
                0x000000000020b864                mac_sequence_is_duplicate
 .text.mac_sequence_register_seqno
                0x000000000020b8b4       0x68 obj_zoul/mac-sequence.o
                0x000000000020b8b4                mac_sequence_register_seqno
 .text.create_frame.isra.0
                0x000000000020b91c      0x130 obj_zoul/framer-802154.o
 .text.input_packet
                0x000000000020ba4c        0xc obj_zoul/csma.o
 .text.on       0x000000000020ba58        0xc obj_zoul/csma.o
 .text.off      0x000000000020ba64        0xc obj_zoul/csma.o
 .text.channel_check_interval
                0x000000000020ba70       0x10 obj_zoul/csma.o
 .text.schedule_transmission
                0x000000000020ba80       0x4c obj_zoul/csma.o
 .text.send_packet
                0x000000000020bacc      0x13c obj_zoul/csma.o
 .text.init     0x000000000020bc08       0x24 obj_zoul/csma.o
 .text.transmit_packet_list
                0x000000000020bc2c       0x30 obj_zoul/csma.o
 .text.tx_done  0x000000000020bc5c       0x7c obj_zoul/csma.o
 .text.packet_sent
                0x000000000020bcd8       0xdc obj_zoul/csma.o
 .text.frame802154_get_pan_id
                0x000000000020bdb4        0xc obj_zoul/frame802154.o
                0x000000000020bdb4                frame802154_get_pan_id
 .text.frame802154_parse
                0x000000000020bdc0      0x178 obj_zoul/frame802154.o
                0x000000000020bdc0                frame802154_parse
 .text.on       0x000000000020bf38        0xc obj_zoul/nullrdc.o
 .text.send_one_packet
                0x000000000020bf44      0x114 obj_zoul/nullrdc.o
 .text.off      0x000000000020c058       0x18 obj_zoul/nullrdc.o
 .text.packet_input
                0x000000000020c070       0x54 obj_zoul/nullrdc.o
 .text.input    0x000000000020c0c4        0xc obj_zoul/nullsec.o
 .text.send     0x000000000020c0d0       0x20 obj_zoul/nullsec.o
 .text.mqtt_event
                0x000000000020c0f0      0x11c mqtt_publisher.co
 .text.request_prefix
                0x000000000020c20c       0x2c mqtt_publisher.co
                0x000000000020c20c                request_prefix
 .text.process_thread_mqtt_publisher_process
                0x000000000020c238      0x488 mqtt_publisher.co
 .text.set_prefix_64
                0x000000000020c6c0       0x70 mqtt_publisher.co
                0x000000000020c6c0                set_prefix_64
 .text.init     0x000000000020c730       0x24 obj_zoul/slip-bridge.o
 .text.slip_input_callback
                0x000000000020c754       0xe0 obj_zoul/slip-bridge.o
 .text.output   0x000000000020c834       0x4c obj_zoul/slip-bridge.o
 .text          0x000000000020c880       0x30 /usr/lib/gcc/arm-none-eabi/9.2.1/thumb/v7-m/nofp/libgcc.a(_aeabi_uldivmod.o)
                0x000000000020c880                __aeabi_uldivmod
 .text          0x000000000020c8b0      0x2c4 /usr/lib/gcc/arm-none-eabi/9.2.1/thumb/v7-m/nofp/libgcc.a(_udivmoddi4.o)
                0x000000000020c8b0                __udivmoddi4
 .text          0x000000000020cb74        0x4 /usr/lib/gcc/arm-none-eabi/9.2.1/thumb/v7-m/nofp/libgcc.a(_dvmd_tls.o)
                0x000000000020cb74                __aeabi_ldiv0
                0x000000000020cb74                __aeabi_idiv0
 .text          0x000000000020cb78       0x60 /usr/lib/gcc/arm-none-eabi/9.2.1/../../../arm-none-eabi/lib/thumb/v7-m/nofp/libc.a(lib_a-memcmp.o)
                0x000000000020cb78                memcmp
 .text          0x000000000020cbd8       0xec /usr/lib/gcc/arm-none-eabi/9.2.1/../../../arm-none-eabi/lib/thumb/v7-m/nofp/libc.a(lib_a-memcpy.o)
                0x000000000020cbd8                memcpy
 .text          0x000000000020ccc4       0xcc /usr/lib/gcc/arm-none-eabi/9.2.1/../../../arm-none-eabi/lib/thumb/v7-m/nofp/libc.a(lib_a-memmove.o)
                0x000000000020ccc4                memmove
 .text          0x000000000020cd90       0xa0 /usr/lib/gcc/arm-none-eabi/9.2.1/../../../arm-none-eabi/lib/thumb/v7-m/nofp/libc.a(lib_a-memset.o)
                0x000000000020cd90                memset
 .text          0x000000000020ce30       0x5c /usr/lib/gcc/arm-none-eabi/9.2.1/../../../arm-none-eabi/lib/thumb/v7-m/nofp/libc.a(lib_a-strlen-stub.o)
                0x000000000020ce30                strlen
 .text          0x000000000020ce8c       0xa0 /usr/lib/gcc/arm-none-eabi/9.2.1/../../../arm-none-eabi/lib/thumb/v7-m/nofp/libc.a(lib_a-strncmp.o)
                0x000000000020ce8c                strncmp
 .text.default_handler
                0x000000000020cf2c        0x2 obj_zoul/startup-gcc.o
                0x000000000020cf2c                default_handler
 .text.nmi_handler
                0x000000000020cf2e        0x6 obj_zoul/startup-gcc.o
                0x000000000020cf2e                nmi_handler
 .text.encode_remaining_length
                0x000000000020cf34       0x30 obj_zoul/mqtt.o
 .text.reset_packet
                0x000000000020cf64       0x14 obj_zoul/mqtt.o
 .text.abort_connection
                0x000000000020cf78       0x3e obj_zoul/mqtt.o
 .text.send_out_buffer
                0x000000000020cfb6       0x22 obj_zoul/mqtt.o
 .text.write_byte
                0x000000000020cfd8       0x20 obj_zoul/mqtt.o
 .text.write_bytes
                0x000000000020cff8       0x4e obj_zoul/mqtt.o
 .text.string_to_mqtt_string
                0x000000000020d046       0x14 obj_zoul/mqtt.o
 .text.fade     0x000000000020d05a       0x58 obj_zoul/contiki-main.o
 .text.status   0x000000000020d0b2        0x4 obj_zoul/adc-zoul.o
 .text.board_init
                0x000000000020d0b6        0x4 obj_zoul/board.o
                0x000000000020d0b6                board_init
 .text.clock_isr
                0x000000000020d0ba        0x4 obj_zoul/clock.o
                0x000000000020d0ba                clock_isr
 .text.rtimer_arch_init
                0x000000000020d0be        0x2 obj_zoul/rtimer-arch.o
                0x000000000020d0be                rtimer_arch_init
 .text.uart0_isr
                0x000000000020d0c0        0x6 obj_zoul/uart.o
                0x000000000020d0c0                uart0_isr
 .text.uart1_isr
                0x000000000020d0c6        0x6 obj_zoul/uart.o
                0x000000000020d0c6                uart1_isr
 .text.cpu_cpsie
                0x000000000020d0cc        0x8 obj_zoul/cpu.o
                0x000000000020d0cc                cpu_cpsie
 .text.cpu_cpsid
                0x000000000020d0d4        0x8 obj_zoul/cpu.o
                0x000000000020d0d4                cpu_cpsid
 .text.gpio_port_a_isr
                0x000000000020d0dc        0x6 obj_zoul/gpio.o
                0x000000000020d0dc                gpio_port_a_isr
 .text.gpio_port_b_isr
                0x000000000020d0e2        0x6 obj_zoul/gpio.o
                0x000000000020d0e2                gpio_port_b_isr
 .text.gpio_port_c_isr
                0x000000000020d0e8        0x6 obj_zoul/gpio.o
                0x000000000020d0e8                gpio_port_c_isr
 .text.gpio_port_d_isr
                0x000000000020d0ee        0x6 obj_zoul/gpio.o
                0x000000000020d0ee                gpio_port_d_isr
 .text.send     0x000000000020d0f4       0x12 obj_zoul/cc2538-rf.o
 .text.dbg_send_bytes
                0x000000000020d106       0x22 obj_zoul/dbg.o
                0x000000000020d106                dbg_send_bytes
 .text.puts     0x000000000020d128       0x1c obj_zoul/dbg.o
                0x000000000020d128                puts
 .text.slip_arch_writeb
                0x000000000020d144        0x8 obj_zoul/slip-arch.o
                0x000000000020d144                slip_arch_writeb
 .text.configure
                0x000000000020d14c        0x4 obj_zoul/cc2538-temp-sensor.o
 .text.status   0x000000000020d150        0x4 obj_zoul/cc2538-temp-sensor.o
 .text.value    0x000000000020d154       0x34 obj_zoul/cc2538-temp-sensor.o
 .text.configure
                0x000000000020d188        0x4 obj_zoul/vdd3-sensor.o
 .text.status   0x000000000020d18c        0x4 obj_zoul/vdd3-sensor.o
 .text.value    0x000000000020d190       0x2a obj_zoul/vdd3-sensor.o
 .text.write_str
                0x000000000020d1ba       0x10 obj_zoul/dbg-printf.o
 .text.buffer_str
                0x000000000020d1ca       0x28 obj_zoul/dbg-snprintf.o
 .text.snprintf
                0x000000000020d1f2       0x1a obj_zoul/dbg-snprintf.o
                0x000000000020d1f2                snprintf
 .text.stimer_set
                0x000000000020d20c        0xe obj_zoul/stimer.o
                0x000000000020d20c                stimer_set
 .text.stimer_expired
                0x000000000020d21a       0x1e obj_zoul/stimer.o
                0x000000000020d21a                stimer_expired
 .text.autostart_start
                0x000000000020d238       0x14 obj_zoul/autostart.o
                0x000000000020d238                autostart_start
 .text.energest_init
                0x000000000020d24c        0x2 obj_zoul/energest.o
                0x000000000020d24c                energest_init
 .text.etimer_set
                0x000000000020d24e       0x12 obj_zoul/etimer.o
                0x000000000020d24e                etimer_set
 .text.etimer_reset
                0x000000000020d260       0x12 obj_zoul/etimer.o
                0x000000000020d260                etimer_reset
 .text.etimer_restart
                0x000000000020d272       0x12 obj_zoul/etimer.o
                0x000000000020d272                etimer_restart
 .text.etimer_expired
                0x000000000020d284        0xa obj_zoul/etimer.o
                0x000000000020d284                etimer_expired
 .text.etimer_expiration_time
                0x000000000020d28e        0x8 obj_zoul/etimer.o
                0x000000000020d28e                etimer_expiration_time
 .text.call_process
                0x000000000020d296        0xc obj_zoul/process.o
 .text.rtimer_init
                0x000000000020d2a2        0x4 obj_zoul/rtimer.o
                0x000000000020d2a2                rtimer_init
 .text.timer_set
                0x000000000020d2a6        0xe obj_zoul/timer.o
                0x000000000020d2a6                timer_set
 .text.timer_reset
                0x000000000020d2b4        0xa obj_zoul/timer.o
                0x000000000020d2b4                timer_reset
 .text.timer_restart
                0x000000000020d2be        0xc obj_zoul/timer.o
                0x000000000020d2be                timer_restart
 .text.timer_expired
                0x000000000020d2ca       0x1c obj_zoul/timer.o
                0x000000000020d2ca                timer_expired
 .text.list_init
                0x000000000020d2e6        0x6 obj_zoul/list.o
                0x000000000020d2e6                list_init
 .text.list_head
                0x000000000020d2ec        0x4 obj_zoul/list.o
                0x000000000020d2ec                list_head
 .text.list_tail
                0x000000000020d2f0       0x10 obj_zoul/list.o
                0x000000000020d2f0                list_tail
 .text.list_remove
                0x000000000020d300       0x26 obj_zoul/list.o
                0x000000000020d300                list_remove
 .text.list_add
                0x000000000020d326       0x1a obj_zoul/list.o
                0x000000000020d326                list_add
 .text.list_push
                0x000000000020d340        0xe obj_zoul/list.o
                0x000000000020d340                list_push
 .text.list_length
                0x000000000020d34e        0xe obj_zoul/list.o
                0x000000000020d34e                list_length
 .text.list_item_next
                0x000000000020d35c        0x6 obj_zoul/list.o
                0x000000000020d35c                list_item_next
 .text.memb_init
                0x000000000020d362       0x20 obj_zoul/memb.o
                0x000000000020d362                memb_init
 .text.memb_alloc
                0x000000000020d382       0x28 obj_zoul/memb.o
                0x000000000020d382                memb_alloc
 .text.memb_free
                0x000000000020d3aa       0x2c obj_zoul/memb.o
                0x000000000020d3aa                memb_free
 .text.memb_inmemb
                0x000000000020d3d6       0x1c obj_zoul/memb.o
                0x000000000020d3d6                memb_inmemb
 .text.memb_numfree
                0x000000000020d3f2       0x1c obj_zoul/memb.o
                0x000000000020d3f2                memb_numfree
 .text.ringbuf_init
                0x000000000020d40e        0xe obj_zoul/ringbuf.o
                0x000000000020d40e                ringbuf_init
 .text.ringbuf_put
                0x000000000020d41c       0x26 obj_zoul/ringbuf.o
                0x000000000020d41c                ringbuf_put
 .text.ringbuf_get
                0x000000000020d442       0x20 obj_zoul/ringbuf.o
                0x000000000020d442                ringbuf_get
 .text.uip_ds6_list_loop
                0x000000000020d462       0x48 obj_zoul/uip-ds6.o
                0x000000000020d462                uip_ds6_list_loop
 .text.uip_ds6_maddr_rm
                0x000000000020d4aa        0x8 obj_zoul/uip-ds6.o
                0x000000000020d4aa                uip_ds6_maddr_rm
 .text.uip_ds6_set_addr_iid
                0x000000000020d4b2       0x12 obj_zoul/uip-ds6.o
                0x000000000020d4b2                uip_ds6_set_addr_iid
 .text.get_match_length
                0x000000000020d4c4       0x36 obj_zoul/uip-ds6.o
                0x000000000020d4c4                get_match_length
 .text.uip_ds6_route_next
                0x000000000020d4fa        0x8 obj_zoul/uip-ds6-route.o
                0x000000000020d4fa                uip_ds6_route_next
 .text.rm_routelist_callback
                0x000000000020d502        0x4 obj_zoul/uip-ds6-route.o
 .text.chksum   0x000000000020d506       0x52 obj_zoul/uip6.o
 .text.uip_icmp6chksum
                0x000000000020d558        0x6 obj_zoul/uip6.o
                0x000000000020d558                uip_icmp6chksum
 .text.uip_tcpchksum
                0x000000000020d55e        0x6 obj_zoul/uip6.o
                0x000000000020d55e                uip_tcpchksum
 .text.uip_udpchksum
                0x000000000020d564        0x6 obj_zoul/uip6.o
                0x000000000020d564                uip_udpchksum
 .text.uip_htons
                0x000000000020d56a        0x6 obj_zoul/uip6.o
                0x000000000020d56a                uip_htons
 .text.uip_ds6_nbr_ipaddr_from_lladdr
                0x000000000020d570        0x4 obj_zoul/uip-ds6-nbr.o
                0x000000000020d570                uip_ds6_nbr_ipaddr_from_lladdr
 .text.uip_ds6_nbr_lladdr_from_ipaddr
                0x000000000020d574       0x12 obj_zoul/uip-ds6-nbr.o
                0x000000000020d574                uip_ds6_nbr_lladdr_from_ipaddr
 .text.uip_nd6_init
                0x000000000020d586        0x2 obj_zoul/uip-nd6.o
                0x000000000020d586                uip_nd6_init
 .text.call_event
                0x000000000020d588       0x16 obj_zoul/tcp-socket.o
 .text.relisten
                0x000000000020d59e       0x14 obj_zoul/tcp-socket.o
 .text.tcp_socket_send
                0x000000000020d5b2       0x34 obj_zoul/tcp-socket.o
                0x000000000020d5b2                tcp_socket_send
 .text.tcp_socket_close
                0x000000000020d5e6       0x18 obj_zoul/tcp-socket.o
                0x000000000020d5e6                tcp_socket_close
 .text.uiplib_ip6addrconv
                0x000000000020d5fe       0xb4 obj_zoul/uiplib.o
                0x000000000020d5fe                uiplib_ip6addrconv
 .text.handle_unicast_dio_timer
                0x000000000020d6b2       0x1c obj_zoul/rpl-timers.o
 .text.rpl_reset_dio_timer
                0x000000000020d6ce       0x1c obj_zoul/rpl-timers.o
                0x000000000020d6ce                rpl_reset_dio_timer
 .text.rpl_schedule_dao
                0x000000000020d6ea        0x8 obj_zoul/rpl-timers.o
                0x000000000020d6ea                rpl_schedule_dao
 .text.get_probing_delay
                0x000000000020d6f2       0x3a obj_zoul/rpl-timers.o
                0x000000000020d6f2                get_probing_delay
 .text.handle_probing_timer
                0x000000000020d72c       0x32 obj_zoul/rpl-timers.o
 .text.rpl_remove_routes
                0x000000000020d75e       0x1e obj_zoul/rpl.o
                0x000000000020d75e                rpl_remove_routes
 .text.rpl_remove_routes_by_nexthop
                0x000000000020d77c       0x30 obj_zoul/rpl.o
                0x000000000020d77c                rpl_remove_routes_by_nexthop
 .text.rpl_add_route
                0x000000000020d7ac       0x30 obj_zoul/rpl.o
                0x000000000020d7ac                rpl_add_route
 .text.reset    0x000000000020d7dc        0x2 obj_zoul/rpl-mrhof.o
 .text.update_metric_container
                0x000000000020d7de        0x6 obj_zoul/rpl-mrhof.o
 .text.parent_link_metric
                0x000000000020d7e4       0x12 obj_zoul/rpl-mrhof.o
 .text.parent_has_usable_link
                0x000000000020d7f6       0x12 obj_zoul/rpl-mrhof.o
 .text.best_dag
                0x000000000020d808       0x2e obj_zoul/rpl-mrhof.o
 .text.parent_path_cost
                0x000000000020d836       0x34 obj_zoul/rpl-mrhof.o
 .text.rank_via_parent
                0x000000000020d86a       0x34 obj_zoul/rpl-mrhof.o
 .text.parent_is_acceptable
                0x000000000020d89e       0x26 obj_zoul/rpl-mrhof.o
 .text.best_parent
                0x000000000020d8c4       0x64 obj_zoul/rpl-mrhof.o
 .text.get32    0x000000000020d928       0x18 obj_zoul/rpl-icmp6.o
 .text.set32    0x000000000020d940       0x12 obj_zoul/rpl-icmp6.o
 .text.get16    0x000000000020d952        0xc obj_zoul/rpl-icmp6.o
 .text.set16    0x000000000020d95e        0xa obj_zoul/rpl-icmp6.o
 .text.rpl_icmp6_update_nbr_table
                0x000000000020d968       0x2e obj_zoul/rpl-icmp6.o
                0x000000000020d968                rpl_icmp6_update_nbr_table
 .text.check_prefix
                0x000000000020d996       0x58 obj_zoul/rpl-dag.o
 .text.lollipop_greater_than
                0x000000000020d9ee       0x34 obj_zoul/rpl-dag.o
 .text.rpl_rank_via_parent
                0x000000000020da22       0x1a obj_zoul/rpl-dag.o
                0x000000000020da22                rpl_rank_via_parent
 .text.rpl_get_parent_ipaddr
                0x000000000020da3c        0xe obj_zoul/rpl-dag.o
                0x000000000020da3c                rpl_get_parent_ipaddr
 .text.rpl_get_parent_link_stats
                0x000000000020da4a        0xe obj_zoul/rpl-dag.o
                0x000000000020da4a                rpl_get_parent_link_stats
 .text.rpl_parent_is_fresh
                0x000000000020da58        0xe obj_zoul/rpl-dag.o
                0x000000000020da58                rpl_parent_is_fresh
 .text.rpl_parent_is_reachable
                0x000000000020da66       0x36 obj_zoul/rpl-dag.o
                0x000000000020da66                rpl_parent_is_reachable
 .text.rpl_set_prefix
                0x000000000020da9c       0x6a obj_zoul/rpl-dag.o
                0x000000000020da9c                rpl_set_prefix
 .text.rpl_set_default_route
                0x000000000020db06       0x30 obj_zoul/rpl-dag.o
                0x000000000020db06                rpl_set_default_route
 .text.rpl_find_parent
                0x000000000020db36       0x16 obj_zoul/rpl-dag.o
                0x000000000020db36                rpl_find_parent
 .text.rpl_find_parent_any_dag
                0x000000000020db4c       0x1e obj_zoul/rpl-dag.o
                0x000000000020db4c                rpl_find_parent_any_dag
 .text.rpl_select_parent
                0x000000000020db6a       0x4a obj_zoul/rpl-dag.o
                0x000000000020db6a                rpl_select_parent
 .text.rpl_select_dag
                0x000000000020dbb4      0x152 obj_zoul/rpl-dag.o
                0x000000000020dbb4                rpl_select_dag
 .text.rpl_nullify_parent
                0x000000000020dd06       0x54 obj_zoul/rpl-dag.o
                0x000000000020dd06                rpl_nullify_parent
 .text.nbr_callback
                0x000000000020dd5a        0x4 obj_zoul/rpl-dag.o
 .text.rpl_free_dag
                0x000000000020dd5e       0x3a obj_zoul/rpl-dag.o
                0x000000000020dd5e                rpl_free_dag
 .text.rpl_move_parent
                0x000000000020dd98       0x58 obj_zoul/rpl-dag.o
                0x000000000020dd98                rpl_move_parent
 .text.rpl_repair_root
                0x000000000020ddf0       0x48 obj_zoul/rpl-dag.o
                0x000000000020ddf0                rpl_repair_root
 .text.rpl_alloc_dag
                0x000000000020de38       0x50 obj_zoul/rpl-dag.o
                0x000000000020de38                rpl_alloc_dag
 .text.rpl_process_parent_event
                0x000000000020de88       0x90 obj_zoul/rpl-dag.o
                0x000000000020de88                rpl_process_parent_event
 .text.rpl_add_dag
                0x000000000020df18      0x110 obj_zoul/rpl-dag.o
                0x000000000020df18                rpl_add_dag
 .text.rpl_process_dio
                0x000000000020e028      0x2de obj_zoul/rpl-dag.o
                0x000000000020e028                rpl_process_dio
 .text.queuebuf_update_attr_from_packetbuf
                0x000000000020e306        0xc obj_zoul/queuebuf.o
                0x000000000020e306                queuebuf_update_attr_from_packetbuf
 .text.queuebuf_attr
                0x000000000020e312        0xc obj_zoul/queuebuf.o
                0x000000000020e312                queuebuf_attr
 .text.item_from_index
                0x000000000020e31e       0x14 obj_zoul/nbr-table.o
 .text.index_from_item
                0x000000000020e332       0x16 obj_zoul/nbr-table.o
 .text.nbr_set_bit
                0x000000000020e348       0x3a obj_zoul/nbr-table.o
 .text.nbr_table_next
                0x000000000020e382       0x36 obj_zoul/nbr-table.o
                0x000000000020e382                nbr_table_next
 .text.nbr_table_get_from_lladdr
                0x000000000020e3b8       0x26 obj_zoul/nbr-table.o
                0x000000000020e3b8                nbr_table_get_from_lladdr
 .text.nbr_table_get_lladdr
                0x000000000020e3de       0x10 obj_zoul/nbr-table.o
                0x000000000020e3de                nbr_table_get_lladdr
 .text.linkaddr_copy
                0x000000000020e3ee        0xa obj_zoul/linkaddr.o
                0x000000000020e3ee                linkaddr_copy
 .text.linkaddr_cmp
                0x000000000020e3f8       0x10 obj_zoul/linkaddr.o
                0x000000000020e3f8                linkaddr_cmp
 .text.link_stats_is_fresh
                0x000000000020e408       0x24 obj_zoul/link-stats.o
                0x000000000020e408                link_stats_is_fresh
 .text.parse    0x000000000020e42c       0x94 obj_zoul/framer-802154.o
 .text.create   0x000000000020e4c0        0x6 obj_zoul/framer-802154.o
 .text.hdr_length
                0x000000000020e4c6        0x6 obj_zoul/framer-802154.o
 .text.frame802154_has_panid
                0x000000000020e4cc       0x62 obj_zoul/frame802154.o
                0x000000000020e4cc                frame802154_has_panid
 .text.field_len
                0x000000000020e52e       0x80 obj_zoul/frame802154.o
 .text.frame802154_is_broadcast_addr
                0x000000000020e5ae       0x1e obj_zoul/frame802154.o
                0x000000000020e5ae                frame802154_is_broadcast_addr
 .text.frame802154_hdrlen
                0x000000000020e5cc       0x32 obj_zoul/frame802154.o
                0x000000000020e5cc                frame802154_hdrlen
 .text.frame802154_create
                0x000000000020e5fe       0xde obj_zoul/frame802154.o
                0x000000000020e5fe                frame802154_create
 .text.mac_call_sent_callback
                0x000000000020e6dc       0x16 obj_zoul/mac.o
                0x000000000020e6dc                mac_call_sent_callback
 .text.channel_check_interval
                0x000000000020e6f2        0x4 obj_zoul/nullrdc.o
 .text.init     0x000000000020e6f6        0x4 obj_zoul/nullrdc.o
 .text.send_list
                0x000000000020e6fa       0x22 obj_zoul/nullrdc.o
 .text.send_packet
                0x000000000020e71c        0x4 obj_zoul/nullrdc.o
 .text.init     0x000000000020e720        0x2 obj_zoul/nullsec.o
 .text.publish_led_off
                0x000000000020e722        0x6 mqtt_publisher.co
 *(SORT_BY_ALIGNMENT(.rodata*))
 .rodata.adc_zoul
                0x000000000020e728       0x10 obj_zoul/adc-zoul.o
                0x000000000020e728                adc_zoul
 .rodata.button_sensor
                0x000000000020e738       0x10 obj_zoul/button-sensor.o
                0x000000000020e738                button_sensor
 .rodata.uart_regs
                0x000000000020e748       0x58 obj_zoul/uart.o
 .rodata.reset_cause.4829
                0x000000000020e7a0       0x10 obj_zoul/sys-ctrl.o
 .rodata.cc2538_rf_driver
                0x000000000020e7b0       0x38 obj_zoul/cc2538-rf.o
                0x000000000020e7b0                cc2538_rf_driver
 .rodata.output_power
                0x000000000020e7e8       0x70 obj_zoul/cc2538-rf.o
 .rodata.cc2538_temp_sensor
                0x000000000020e858       0x10 obj_zoul/cc2538-temp-sensor.o
                0x000000000020e858                cc2538_temp_sensor
 .rodata.vdd3_sensor
                0x000000000020e868       0x10 obj_zoul/vdd3-sensor.o
                0x000000000020e868                vdd3_sensor
 .rodata.sicslowpan_driver
                0x000000000020e878        0xc obj_zoul/sicslowpan.o
                0x000000000020e878                sicslowpan_driver
 .rodata.framer_802154
                0x000000000020e884        0xc obj_zoul/framer-802154.o
                0x000000000020e884                framer_802154
 .rodata.csma_driver
                0x000000000020e890       0x1c obj_zoul/csma.o
                0x000000000020e890                csma_driver
 .rodata.nullrdc_driver
                0x000000000020e8ac       0x20 obj_zoul/nullrdc.o
                0x000000000020e8ac                nullrdc_driver
 .rodata.nullsec_driver
                0x000000000020e8cc       0x10 obj_zoul/nullsec.o
                0x000000000020e8cc                nullsec_driver
 .rodata.autostart_processes
                0x000000000020e8dc        0x8 mqtt_publisher.co
                0x000000000020e8dc                autostart_processes
 .rodata.rpl_interface
                0x000000000020e8e4        0x8 obj_zoul/slip-bridge.o
                0x000000000020e8e4                rpl_interface
 .rodata.process_thread_mqtt_process.str1.1
                0x000000000020e8ec        0x7 obj_zoul/mqtt.o
 .rodata.str1.1
                0x000000000020e8f3        0xd obj_zoul/mqtt.o
 .rodata.main.str1.1
                0x000000000020e900       0x7a obj_zoul/contiki-main.o
                                         0x80 (size before relaxing)
 .rodata.str1.1
                0x000000000020e97a       0x15 obj_zoul/adc-zoul.o
 .rodata.str1.1
                0x000000000020e98f        0x7 obj_zoul/button-sensor.o
 .rodata.soc_print_info.str1.1
                0x000000000020e996       0x94 obj_zoul/soc.o
 .rodata.str1.1
                0x000000000020ea2a       0x2d obj_zoul/sys-ctrl.o
 .rodata.str1.1
                0x000000000020ea57       0x11 obj_zoul/cc2538-rf.o
 .rodata.process_thread_slip_process.str1.1
                0x000000000020ea68       0x15 obj_zoul/slip.o
 .rodata.str1.1
                0x000000000020ea7d        0xc obj_zoul/slip.o
 .rodata.str1.1
                0x000000000020ea89       0x14 obj_zoul/cc2538-temp-sensor.o
 .rodata.str1.1
                0x000000000020ea9d        0x5 obj_zoul/vdd3-sensor.o
 .rodata.format_str_v.str1.1
                0x000000000020eaa2       0x35 obj_zoul/strformat.o
                                         0x37 (size before relaxing)
 .rodata.buffer.4213
                0x000000000020ead7       0x10 obj_zoul/strformat.o
 .rodata.buffer.4222
                0x000000000020eae7       0x10 obj_zoul/strformat.o
 .rodata.str1.1
                0x000000000020eaf7        0xc obj_zoul/etimer.o
 .rodata.str1.1
                0x000000000020eb03        0xf obj_zoul/ctimer.o
 .rodata.str1.1
                0x000000000020eb12        0xe obj_zoul/serial-line.o
 .rodata.str1.1
                0x000000000020eb20        0x8 obj_zoul/sensors.o
 .rodata.str1.1
                0x000000000020eb28        0xb obj_zoul/sicslowpan.o
 .rodata.llprefix
                0x000000000020eb33        0x2 obj_zoul/sicslowpan.o
                0x000000000020eb33                llprefix
 .rodata.ttl_values
                0x000000000020eb35        0x4 obj_zoul/sicslowpan.o
 .rodata.unc_ctxconf
                0x000000000020eb39        0x4 obj_zoul/sicslowpan.o
                0x000000000020eb39                unc_ctxconf
 .rodata.unc_llconf
                0x000000000020eb3d        0x4 obj_zoul/sicslowpan.o
                0x000000000020eb3d                unc_llconf
 .rodata.unc_mxconf
                0x000000000020eb41        0x4 obj_zoul/sicslowpan.o
                0x000000000020eb41                unc_mxconf
 .rodata.newdata.str1.1
                0x000000000020eb45       0x32 obj_zoul/tcp-socket.o
 .rodata.process_thread_tcp_socket_process.str1.1
                0x000000000020eb77       0x54 obj_zoul/tcp-socket.o
 .rodata.str1.1
                0x000000000020ebcb       0x13 obj_zoul/tcp-socket.o
 .rodata.uip_debug_ipaddr_print.str1.1
                0x000000000020ebde       0x28 obj_zoul/uip-debug.o
 .rodata.str1.1
                0x000000000020ec06        0xd obj_zoul/tcpip.o
 .rodata.linkaddr_null
                0x000000000020ec13        0x8 obj_zoul/linkaddr.o
                0x000000000020ec13                linkaddr_null
 .rodata.str1.1
                0x000000000020ec1b        0x5 obj_zoul/csma.o
 .rodata.str1.1
                0x000000000020ec20        0x8 obj_zoul/nullrdc.o
 .rodata.str1.1
                0x000000000020ec28        0x8 obj_zoul/nullsec.o
 .rodata.mqtt_event.str1.1
                0x000000000020ec30      0x1dd mqtt_publisher.co
                                        0x1e2 (size before relaxing)
 .rodata.process_thread_mqtt_publisher_process.str1.1
                0x000000000020ee0d      0x235 mqtt_publisher.co
 .rodata.set_prefix_64.str1.1
                0x000000000020f042       0x16 mqtt_publisher.co
 .rodata.str1.1
                0x000000000020f058       0x19 mqtt_publisher.co
 .rodata.slip_input_callback.str1.1
                0x000000000020f071       0x56 obj_zoul/slip-bridge.o
                                         0x67 (size before relaxing)
 .rodata.output.str1.1
                0x000000000020f0c7       0x3a obj_zoul/slip-bridge.o
                0x000000000020f101                _etext = .

.glue_7         0x000000000020f104        0x0
 .glue_7        0x000000000020f104        0x0 linker stubs

.glue_7t        0x000000000020f104        0x0
 .glue_7t       0x000000000020f104        0x0 linker stubs

.vfp11_veneer   0x000000000020f104        0x0
 .vfp11_veneer  0x000000000020f104        0x0 linker stubs

.v4_bx          0x000000000020f104        0x0
 .v4_bx         0x000000000020f104        0x0 linker stubs

.iplt           0x000000000020f104        0x0
 .iplt          0x000000000020f104        0x0 obj_zoul/startup-gcc.o

.socdata        0x0000000020000000       0x40
 *(SORT_BY_ALIGNMENT(.udma_channel_control_table))
 .udma_channel_control_table
                0x0000000020000000       0x40 obj_zoul/udma.o

.data           0x0000000020000040      0x1e1 load address 0x000000000020f104
                0x0000000020000040                _data = .
 *(SORT_BY_ALIGNMENT(.data*))
 .data.mqtt_process
                0x0000000020000040       0x10 obj_zoul/mqtt.o
                0x0000000020000040                mqtt_process
 .data.sensors  0x0000000020000050       0x10 obj_zoul/zoul-sensors.o
                0x0000000020000050                sensors
 .data.cc2538_rf_process
                0x0000000020000060       0x10 obj_zoul/cc2538-rf.o
                0x0000000020000060                cc2538_rf_process
 .data.slip_process
                0x0000000020000070       0x10 obj_zoul/slip.o
                0x0000000020000070                slip_process
 .data.ctxt     0x0000000020000080        0x8 obj_zoul/dbg-printf.o
 .data.etimer_process
                0x0000000020000088       0x10 obj_zoul/etimer.o
                0x0000000020000088                etimer_process
 .data.ctimer_process
                0x0000000020000098       0x10 obj_zoul/ctimer.o
                0x0000000020000098                ctimer_process
 .data.serial_line_process
                0x00000000200000a8       0x10 obj_zoul/serial-line.o
                0x00000000200000a8                serial_line_process
 .data.sensors_process
                0x00000000200000b8       0x10 obj_zoul/sensors.o
                0x00000000200000b8                sensors_process
 .data.echo_reply_handler
                0x00000000200000c8        0xc obj_zoul/uip-icmp6.o
 .data.echo_request_handler
                0x00000000200000d4        0xc obj_zoul/uip-icmp6.o
 .data.defaultroutermemb
                0x00000000200000e0        0xc obj_zoul/uip-ds6-route.o
 .data.nbr_routes
                0x00000000200000ec        0x4 obj_zoul/uip-ds6-route.o
                0x00000000200000ec                nbr_routes
 .data.nbr_routes_struct
                0x00000000200000f0       0x10 obj_zoul/uip-ds6-route.o
 .data.neighborroutememb
                0x0000000020000100        0xc obj_zoul/uip-ds6-route.o
 .data.routememb
                0x000000002000010c        0xc obj_zoul/uip-ds6-route.o
 .data.ds6_neighbors
                0x0000000020000118        0x4 obj_zoul/uip-ds6-nbr.o
                0x0000000020000118                ds6_neighbors
 .data.ds6_neighbors_struct
                0x000000002000011c       0x10 obj_zoul/uip-ds6-nbr.o
 .data.tcp_socket_process
                0x000000002000012c       0x10 obj_zoul/tcp-socket.o
                0x000000002000012c                tcp_socket_process
 .data.tcpip_process
                0x000000002000013c       0x10 obj_zoul/tcpip.o
                0x000000002000013c                tcpip_process
 .data.rpl_mrhof
                0x000000002000014c       0x24 obj_zoul/rpl-mrhof.o
                0x000000002000014c                rpl_mrhof
 .data.dao_ack_handler
                0x0000000020000170        0xc obj_zoul/rpl-icmp6.o
 .data.dao_handler
                0x000000002000017c        0xc obj_zoul/rpl-icmp6.o
 .data.dio_handler
                0x0000000020000188        0xc obj_zoul/rpl-icmp6.o
 .data.dis_handler
                0x0000000020000194        0xc obj_zoul/rpl-icmp6.o
 .data.rpl_parents
                0x00000000200001a0        0x4 obj_zoul/rpl-dag.o
                0x00000000200001a0                rpl_parents
 .data.rpl_parents_struct
                0x00000000200001a4       0x10 obj_zoul/rpl-dag.o
 .data.bufmem   0x00000000200001b4        0xc obj_zoul/queuebuf.o
 .data.buframmem
                0x00000000200001c0        0xc obj_zoul/queuebuf.o
 .data.neighbor_addr_mem
                0x00000000200001cc        0xc obj_zoul/nbr-table.o
 .data.link_stats_struct
                0x00000000200001d8       0x10 obj_zoul/link-stats.o
 .data.metadata_memb
                0x00000000200001e8        0xc obj_zoul/csma.o
 .data.neighbor_memb
                0x00000000200001f4        0xc obj_zoul/csma.o
 .data.packet_memb
                0x0000000020000200        0xc obj_zoul/csma.o
 .data.mqtt_publisher_process
                0x000000002000020c       0x10 mqtt_publisher.co
                0x000000002000020c                mqtt_publisher_process
 .data.mac_pan_id
                0x000000002000021c        0x2 obj_zoul/frame802154.o
 .data.rf_channel
                0x000000002000021e        0x1 obj_zoul/cc2538-rf.o
 .data.send_on_cca
                0x000000002000021f        0x1 obj_zoul/cc2538-rf.o
 .data.dao_sequence
                0x0000000020000220        0x1 obj_zoul/rpl-icmp6.o
                0x0000000020000221                _edata = .
                0x000000000020f104                _ldata = LOADADDR (.data)

.igot.plt       0x0000000020000224        0x0 load address 0x000000000020f2e5
 .igot.plt      0x0000000020000224        0x0 obj_zoul/startup-gcc.o

.ARM.exidx      0x000000000020f2e8        0x8
 *(SORT_BY_ALIGNMENT(.ARM.exidx*))
 .ARM.exidx     0x000000000020f2e8        0x8 /usr/lib/gcc/arm-none-eabi/9.2.1/thumb/v7-m/nofp/libgcc.a(_udivmoddi4.o)

.bss            0x0000000020000228     0x35a9
                0x0000000020000228                _bss = .
 *(SORT_BY_ALIGNMENT(.bss*))
 .bss.rt_ticks_epoch
                0x0000000020000228        0x8 obj_zoul/clock.o
 .bss.rt_ticks_startup
                0x0000000020000230        0x8 obj_zoul/clock.o
 .bss.conn.8954
                0x0000000020000238        0x4 obj_zoul/mqtt.o
 .bss.mqtt_conn_list_list
                0x000000002000023c        0x4 obj_zoul/mqtt.o
 .bss.debouncetimer
                0x0000000020000240        0x8 obj_zoul/button-sensor.o
 .bss.press_counter
                0x0000000020000248       0x20 obj_zoul/button-sensor.o
 .bss.press_duration
                0x0000000020000268        0x4 obj_zoul/button-sensor.o
 .bss.next_trigger
                0x000000002000026c        0x4 obj_zoul/rtimer-arch.o
 .bss.input_handler
                0x0000000020000270        0x8 obj_zoul/uart.o
 .bss.interrupt_disable
                0x0000000020000278        0x4 obj_zoul/nvic.o
 .bss.interrupt_enable
                0x000000002000027c        0x4 obj_zoul/nvic.o
 .bss.interrupt_pend
                0x0000000020000280        0x4 obj_zoul/nvic.o
 .bss.interrupt_unpend
                0x0000000020000284        0x4 obj_zoul/nvic.o
 .bss.gpio_callbacks
                0x0000000020000288       0x80 obj_zoul/gpio.o
 .bss.ioc_over  0x0000000020000308        0x4 obj_zoul/ioc.o
 .bss.ioc_sel   0x000000002000030c        0x4 obj_zoul/ioc.o
 .bss.notification_process
                0x0000000020000310        0x4 obj_zoul/crypto.o
 .bss.notification_process
                0x0000000020000314        0x4 obj_zoul/pka.o
 .bss.input_callback
                0x0000000020000318        0x4 obj_zoul/slip.o
 .bss.next_expiration
                0x000000002000031c        0x4 obj_zoul/etimer.o
 .bss.timerlist
                0x0000000020000320        0x4 obj_zoul/etimer.o
 .bss.ctimer_list_list
                0x0000000020000324        0x4 obj_zoul/ctimer.o
 .bss.events    0x0000000020000328      0x180 obj_zoul/process.o
 .bss.process_current
                0x00000000200004a8        0x4 obj_zoul/process.o
                0x00000000200004a8                process_current
 .bss.process_list
                0x00000000200004ac        0x4 obj_zoul/process.o
                0x00000000200004ac                process_list
 .bss.next_rtimer
                0x00000000200004b0        0x4 obj_zoul/rtimer.o
 .bss.ptr.4844  0x00000000200004b4        0x4 obj_zoul/serial-line.o
 .bss.rxbuf     0x00000000200004b8        0x8 obj_zoul/serial-line.o
 .bss.events.4860
                0x00000000200004c0        0x4 obj_zoul/sensors.o
 .bss.i.4859    0x00000000200004c4        0x4 obj_zoul/sensors.o
 .bss.echo_reply_callback_list_list
                0x00000000200004c8        0x4 obj_zoul/uip-icmp6.o
 .bss.input_handler_list_list
                0x00000000200004cc        0x4 obj_zoul/uip-icmp6.o
 .bss.locaddr   0x00000000200004d0        0x4 obj_zoul/uip-ds6.o
 .bss.locmaddr  0x00000000200004d4        0x4 obj_zoul/uip-ds6.o
 .bss.locprefix
                0x00000000200004d8        0x4 obj_zoul/uip-ds6.o
 .bss._nbr_routes_mem
                0x00000000200004dc       0x80 obj_zoul/uip-ds6-route.o
 .bss.defaultrouterlist_list
                0x000000002000055c        0x4 obj_zoul/uip-ds6-route.o
 .bss.defaultroutermemb_memb_mem
                0x0000000020000560       0x40 obj_zoul/uip-ds6-route.o
 .bss.neighborroutememb_memb_mem
                0x00000000200005a0       0x80 obj_zoul/uip-ds6-route.o
 .bss.notificationlist_list
                0x0000000020000620        0x4 obj_zoul/uip-ds6-route.o
 .bss.num_routes
                0x0000000020000624        0x4 obj_zoul/uip-ds6-route.o
 .bss.routelist_list
                0x0000000020000628        0x4 obj_zoul/uip-ds6-route.o
 .bss.routememb_memb_mem
                0x000000002000062c      0x280 obj_zoul/uip-ds6-route.o
 .bss.callback  0x00000000200008ac        0x4 obj_zoul/sicslowpan.o
 .bss.context   0x00000000200008b0        0x4 obj_zoul/sicslowpan.o
 .bss.frag_info
                0x00000000200008b4      0x170 obj_zoul/sicslowpan.o
 .bss.hc06_ptr  0x0000000020000a24        0x4 obj_zoul/sicslowpan.o
 .bss.last_rssi
                0x0000000020000a28        0x4 obj_zoul/sicslowpan.o
 .bss.last_tx_status
                0x0000000020000a2c        0x4 obj_zoul/sicslowpan.o
 .bss.packetbuf_payload_len
                0x0000000020000a30        0x4 obj_zoul/sicslowpan.o
 .bss.packetbuf_ptr
                0x0000000020000a34        0x4 obj_zoul/sicslowpan.o
 .bss.socketlist_list
                0x0000000020000a38        0x4 obj_zoul/tcp-socket.o
 .bss.outputfunc
                0x0000000020000a3c        0x4 obj_zoul/tcpip.o
 .bss.periodic  0x0000000020000a40       0x10 obj_zoul/tcpip.o
 .bss.s         0x0000000020000a50       0x44 obj_zoul/tcpip.o
 .bss.num_children
                0x0000000020000a94        0x4 obj_zoul/rpl-nbr-policy.o
 .bss.num_parents
                0x0000000020000a98        0x4 obj_zoul/rpl-nbr-policy.o
 .bss.periodic_timer
                0x0000000020000a9c       0x20 obj_zoul/rpl-nbr-policy.o
 .bss.timer_init
                0x0000000020000abc        0x4 obj_zoul/rpl-nbr-policy.o
 .bss.worst_rank_nbr
                0x0000000020000ac0        0x4 obj_zoul/rpl-nbr-policy.o
 .bss.periodic_timer
                0x0000000020000ac4       0x20 obj_zoul/rpl-timers.o
 .bss._rpl_parents_mem
                0x0000000020000ae4       0x80 obj_zoul/rpl-dag.o
 .bss.bufmem_memb_mem
                0x0000000020000b64       0x20 obj_zoul/queuebuf.o
 .bss.all_tables
                0x0000000020000b84       0x20 obj_zoul/nbr-table.o
 .bss.nbr_table_keys_list
                0x0000000020000ba4        0x4 obj_zoul/nbr-table.o
 .bss.neighbor_addr_mem_memb_mem
                0x0000000020000ba8       0xc0 obj_zoul/nbr-table.o
 .bss.num_tables
                0x0000000020000c68        0x4 obj_zoul/nbr-table.o
 .bss.packetbuf_aligned
                0x0000000020000c6c       0x80 obj_zoul/packetbuf.o
 .bss._link_stats_mem
                0x0000000020000cec       0xc0 obj_zoul/link-stats.o
 .bss.received_seqnos
                0x0000000020000dac      0x100 obj_zoul/mac-sequence.o
 .bss.metadata_memb_memb_mem
                0x0000000020000eac       0x60 obj_zoul/csma.o
 .bss.neighbor_list_list
                0x0000000020000f0c        0x4 obj_zoul/csma.o
 .bss.neighbor_memb_memb_mem
                0x0000000020000f10       0x70 obj_zoul/csma.o
 .bss.packet_memb_memb_mem
                0x0000000020000f80       0x60 obj_zoul/csma.o
 .bss.ID        0x0000000020000fe0        0x4 mqtt_publisher.co
                0x0000000020000fe0                ID
 .bss.buf_ptr   0x0000000020000fe4        0x4 mqtt_publisher.co
 .bss.conf      0x0000000020000fe8       0x58 mqtt_publisher.co
 .bss.conn      0x0000000020001040      0x760 mqtt_publisher.co
 .bss.connection_life
                0x00000000200017a0        0x8 mqtt_publisher.co
 .bss.ct        0x00000000200017a8       0x20 mqtt_publisher.co
 .bss.et.8941   0x00000000200017c8       0x10 mqtt_publisher.co
 .bss.msg_ptr   0x00000000200017d8        0x4 mqtt_publisher.co
 .bss.publish_periodic_timer
                0x00000000200017dc       0x10 mqtt_publisher.co
 .bss.begin     0x00000000200017ec        0x2 obj_zoul/slip.o
 .bss.next_free
                0x00000000200017ee        0x2 obj_zoul/slip.o
 .bss.pkt_end   0x00000000200017f0        0x2 obj_zoul/slip.o
 .bss.tmp_ipaddr
                0x00000000200017f2       0x10 obj_zoul/uip-icmp6.o
 .bss.loc_fipaddr
                0x0000000020001802       0x10 obj_zoul/uip-ds6.o
 .bss.lastport  0x0000000020001812        0x2 obj_zoul/uip6.o
 .bss._ds6_neighbors_mem
                0x0000000020001814      0x120 obj_zoul/uip-ds6-nbr.o
 .bss.my_tag    0x0000000020001934        0x2 obj_zoul/sicslowpan.o
 .bss.worst_rank
                0x0000000020001936        0x2 obj_zoul/rpl-nbr-policy.o
 .bss.next_dis  0x0000000020001938        0x2 obj_zoul/rpl-timers.o
 .bss.buframmem_memb_mem
                0x000000002000193a      0x580 obj_zoul/queuebuf.o
 .bss.buflen    0x0000000020001eba        0x2 obj_zoul/packetbuf.o
 .bss.bufptr    0x0000000020001ebc        0x2 obj_zoul/packetbuf.o
 .bss.seqno.6461
                0x0000000020001ebe        0x2 obj_zoul/csma.o
 .bss.prefix    0x0000000020001ec0       0x10 mqtt_publisher.co
 .bss.seq_nr_value
                0x0000000020001ed0        0x2 mqtt_publisher.co
 .bss.last_sender
                0x0000000020001ed2       0x10 obj_zoul/slip-bridge.o
 .bss.inited.8986
                0x0000000020001ee2        0x1 obj_zoul/mqtt.o
 .bss.mqtt_abort_now_event
                0x0000000020001ee3        0x1 obj_zoul/mqtt.o
 .bss.mqtt_continue_send_event
                0x0000000020001ee4        0x1 obj_zoul/mqtt.o
 .bss.mqtt_do_connect_mqtt_event
                0x0000000020001ee5        0x1 obj_zoul/mqtt.o
 .bss.mqtt_do_connect_tcp_event
                0x0000000020001ee6        0x1 obj_zoul/mqtt.o
 .bss.mqtt_do_disconnect_mqtt_event
                0x0000000020001ee7        0x1 obj_zoul/mqtt.o
 .bss.mqtt_do_pingreq_event
                0x0000000020001ee8        0x1 obj_zoul/mqtt.o
 .bss.mqtt_do_publish_event
                0x0000000020001ee9        0x1 obj_zoul/mqtt.o
 .bss.mqtt_do_subscribe_event
                0x0000000020001eea        0x1 obj_zoul/mqtt.o
 .bss.mqtt_do_unsubscribe_event
                0x0000000020001eeb        0x1 obj_zoul/mqtt.o
 .bss.mqtt_event_max
                0x0000000020001eec        0x1 obj_zoul/mqtt.o
 .bss.mqtt_event_min
                0x0000000020001eed        0x1 obj_zoul/mqtt.o
 .bss.leds      0x0000000020001eee        0x1 obj_zoul/leds.o
 .bss.decimation_rate
                0x0000000020001eef        0x1 obj_zoul/adc-zoul.o
 .bss.enabled_channels
                0x0000000020001ef0        0x1 obj_zoul/adc-zoul.o
 .bss.press_event_counter
                0x0000000020001ef1        0x1 obj_zoul/button-sensor.o
 .bss.initialized
                0x0000000020001ef2        0x1 obj_zoul/antenna-sw.o
 .bss.crc_corr  0x0000000020001ef3        0x1 obj_zoul/cc2538-rf.o
 .bss.poll_mode
                0x0000000020001ef4        0x1 obj_zoul/cc2538-rf.o